<html>
<body>
<pre>
<h1>µVision Build Log</h1>
<h2>Project:</h2>
C:\Users\Kelvin\Google Drive\dev\PROJECT_GUARDIAN\tivaOS.uvproj
Project File Date:  08/09/2015

<h2>Output:</h2>
Build target 'tiva OS'
compiling usb_uart.c...
linking...
Program Size: Code=5316 RO-data=2052 RW-data=184 ZI-data=3488  
".\tivaOS.axf" - 0 Error(s), 0 Warning(s).
Load "C:\\Users\\Kelvin\\Google Drive\\dev\\PROJECT_GUARDIAN\\tivaOS.axf" 
Connecting: Mode=JTAG, Speed=1000000Hz
Erase Done.
Programming Done.
Verify OK.
</pre>
</body>
</html>
ing Done.
Verify OK.
E, FIFOSUCCESS, FIFOFAIL)
usb_uart.c(44): warning:  #177-D: variable "nextPutPt" was declared but never referenced
  AddPointerFifo(Work,WORK_FIFO_LEVEL,SIZE_WIDTH, VAR_TYPE, FIFOSUCCESS, FIFOFAIL)
usb_uart.c: 3 warnings, 0 errors
compiling interpreter.c...
linking...
Program Size: Code=5376 RO-data=2052 RW-data=184 ZI-data=3488  
".\tivaOS.axf" - 0 Error(s), 3 Warning(s).
ddPointerFifo(Tx, SIZE_DEPTH,SIZE_WIDTH, VAR_TYPE, FIFOSUCCESS, FIFOFAIL)
usb_uart.c(44): error:  #513: a value of type "char *" cannot be assigned to an entity of type "char"
  AddPointerFifo(Work,WORK_FIFO_LEVEL,SIZE_WIDTH, VAR_TYPE, FIFOSUCCESS, FIFOFAIL)
usb_uart.c(44): warning:  #177-D: variable "nextPutPt" was declared but never referenced
  AddPointerFifo(Work,WORK_FIFO_LEVEL,SIZE_WIDTH, VAR_TYPE, FIFOSUCCESS, FIFOFAIL)
usb_uart.c: 3 warnings, 3 errors
compiling systick.c...
compiling pwm.c...
compiling interpreter.c...
compiling command.c...
compiling timer0.c...
compiling adc.c...
compiling debug.c...
compiling os.c...
".\tivaOS.axf" - 3 Error(s), 3 Warning(s).
Target not created
vaOS.axf'
