ARM Linker, 5.03 [Build 76] [MDK-ARM Lite]

==============================================================================

Section Cross References

    startup.o(RESET) refers to startup.o(STACK) for StackMem
    startup.o(RESET) refers to os.o(i.SysTick_Handler) for SysTick_Handler
    startup.o(RESET) refers to usb_uart.o(i.UART0_Handler) for UART0_Handler
    startup.o(RESET) refers to adc.o(i.ADC0Seq3_Handler) for ADC0Seq3_Handler
    startup.o(RESET) refers to adc.o(i.Timer0A_Handler) for Timer0A_Handler
    startup.o(RESET) refers to entry.o(.ARM.Collect$$$$00000000) for __main
    main.o(i.fputc) refers to usb_uart.o(i.USB_UART_PrintChar) for USB_UART_PrintChar
    main.o(i.main) refers to startup.o(.text) for DisableInterrupts
    main.o(i.main) refers to pll.o(i.PLL_Init) for PLL_Init
    main.o(i.main) refers to st7735.o(i.Output_Init) for Output_Init
    main.o(i.main) refers to st7735.o(i.Output_Color) for Output_Color
    main.o(i.main) refers to usb_uart.o(i.USB_UART_Init) for USB_UART_Init
    main.o(i.main) refers to usb_uart.o(i.USB_UART_Enable_Interrupt) for USB_UART_Enable_Interrupt
    main.o(i.main) refers to debug.o(i.DEBUG_Init) for DEBUG_Init
    main.o(i.main) refers to usb_uart.o(.data) for USB_BufferReady
    st7735.o(i.Output_Clear) refers to st7735.o(i.ST7735_FillScreen) for ST7735_FillScreen
    st7735.o(i.Output_Color) refers to st7735.o(i.ST7735_SetTextColor) for ST7735_SetTextColor
    st7735.o(i.Output_Init) refers to st7735.o(i.ST7735_InitR) for ST7735_InitR
    st7735.o(i.Output_Init) refers to st7735.o(i.ST7735_FillScreen) for ST7735_FillScreen
    st7735.o(i.Output_Off) refers to st7735.o(i.Output_Clear) for Output_Clear
    st7735.o(i.Output_On) refers to st7735.o(i.Output_Init) for Output_Init
    st7735.o(i.ST7735_DrawBitmap) refers to st7735.o(i.setAddrWindow) for setAddrWindow
    st7735.o(i.ST7735_DrawBitmap) refers to st7735.o(i.writedata) for writedata
    st7735.o(i.ST7735_DrawBitmap) refers to st7735.o(.data) for _width
    st7735.o(i.ST7735_DrawChar) refers to st7735.o(i.setAddrWindow) for setAddrWindow
    st7735.o(i.ST7735_DrawChar) refers to st7735.o(i.pushColor) for pushColor
    st7735.o(i.ST7735_DrawChar) refers to st7735.o(.data) for _width
    st7735.o(i.ST7735_DrawChar) refers to st7735.o(.constdata) for Font
    st7735.o(i.ST7735_DrawCharS) refers to st7735.o(i.ST7735_DrawPixel) for ST7735_DrawPixel
    st7735.o(i.ST7735_DrawCharS) refers to st7735.o(i.ST7735_FillRect) for ST7735_FillRect
    st7735.o(i.ST7735_DrawCharS) refers to st7735.o(.data) for _width
    st7735.o(i.ST7735_DrawCharS) refers to st7735.o(.constdata) for Font
    st7735.o(i.ST7735_DrawFastHLine) refers to st7735.o(i.setAddrWindow) for setAddrWindow
    st7735.o(i.ST7735_DrawFastHLine) refers to st7735.o(i.writedata) for writedata
    st7735.o(i.ST7735_DrawFastHLine) refers to st7735.o(.data) for _width
    st7735.o(i.ST7735_DrawFastVLine) refers to st7735.o(i.setAddrWindow) for setAddrWindow
    st7735.o(i.ST7735_DrawFastVLine) refers to st7735.o(i.writedata) for writedata
    st7735.o(i.ST7735_DrawFastVLine) refers to st7735.o(.data) for _width
    st7735.o(i.ST7735_DrawLine) refers to st7735.o(i.ST7735_DrawPixel) for ST7735_DrawPixel
    st7735.o(i.ST7735_DrawPixel) refers to st7735.o(i.setAddrWindow) for setAddrWindow
    st7735.o(i.ST7735_DrawPixel) refers to st7735.o(i.pushColor) for pushColor
    st7735.o(i.ST7735_DrawPixel) refers to st7735.o(.data) for _width
    st7735.o(i.ST7735_DrawString) refers to st7735.o(i.ST7735_DrawCharS) for ST7735_DrawCharS
    st7735.o(i.ST7735_FillRect) refers to st7735.o(i.setAddrWindow) for setAddrWindow
    st7735.o(i.ST7735_FillRect) refers to st7735.o(i.writedata) for writedata
    st7735.o(i.ST7735_FillRect) refers to st7735.o(.data) for _width
    st7735.o(i.ST7735_FillScreen) refers to st7735.o(i.ST7735_FillRect) for ST7735_FillRect
    st7735.o(i.ST7735_FillScreen) refers to st7735.o(.data) for _height
    st7735.o(i.ST7735_InitB) refers to st7735.o(i.commonInit) for commonInit
    st7735.o(i.ST7735_InitB) refers to st7735.o(i.ST7735_SetCursor) for ST7735_SetCursor
    st7735.o(i.ST7735_InitB) refers to st7735.o(i.ST7735_FillScreen) for ST7735_FillScreen
    st7735.o(i.ST7735_InitB) refers to st7735.o(.constdata) for Bcmd
    st7735.o(i.ST7735_InitB) refers to st7735.o(.data) for StTextColor
    st7735.o(i.ST7735_InitR) refers to st7735.o(i.commonInit) for commonInit
    st7735.o(i.ST7735_InitR) refers to st7735.o(i.commandList) for commandList
    st7735.o(i.ST7735_InitR) refers to st7735.o(i.writecommand) for writecommand
    st7735.o(i.ST7735_InitR) refers to st7735.o(i.writedata) for writedata
    st7735.o(i.ST7735_InitR) refers to st7735.o(i.ST7735_SetCursor) for ST7735_SetCursor
    st7735.o(i.ST7735_InitR) refers to st7735.o(i.ST7735_FillScreen) for ST7735_FillScreen
    st7735.o(i.ST7735_InitR) refers to st7735.o(.constdata) for Rcmd1
    st7735.o(i.ST7735_InitR) refers to st7735.o(.data) for ColStart
[...]
    usb_uart.o(i.USB_UART_Init) refers to printf4.o(i.__0printf$4) for __2printf
    usb_uart.o(i.WorkFifo_Clear) refers to startup.o(.text) for StartCritical
    usb_uart.o(i.WorkFifo_Clear) refers to memseta.o(.text) for __aeabi_memclr4
    usb_uart.o(i.WorkFifo_Clear) refers to usb_uart.o(.bss) for WorkFifo
    usb_uart.o(i.WorkFifo_Get) refers to usb_uart.o(.data) for WorkPutPt
    usb_uart.o(i.WorkFifo_Init) refers to startup.o(.text) for StartCritical
    usb_uart.o(i.WorkFifo_Init) refers to usb_uart.o(.bss) for WorkFifo
    usb_uart.o(i.WorkFifo_Init) refers to usb_uart.o(.data) for WorkGetPt
    usb_uart.o(i.WorkFifo_New_Level) refers to startup.o(.text) for StartCritical
    usb_uart.o(i.WorkFifo_New_Level) refers to usb_uart.o(.bss) for WorkFifo
    usb_uart.o(i.WorkFifo_New_Level) refers to usb_uart.o(.data) for WorkGetPt
    usb_uart.o(i.WorkFifo_Pointer_RST) refers to startup.o(.text) for StartCritical
    usb_uart.o(i.WorkFifo_Pointer_RST) refers to usb_uart.o(.bss) for WorkFifo
    usb_uart.o(i.WorkFifo_Pointer_RST) refers to usb_uart.o(.data) for WorkGetPt
    usb_uart.o(i.WorkFifo_Pop) refers to usb_uart.o(.data) for WorkPutPt
    usb_uart.o(i.WorkFifo_Put) refers to usb_uart.o(.data) for WorkPutPt
    usb_uart.o(i.WorkFifo_Shift_L) refers to usb_uart.o(.data) for WorkPutPt
    usb_uart.o(i.WorkFifo_Shift_R) refers to usb_uart.o(.data) for WorkPutPt
    usb_uart.o(i.WorkFifo_Size) refers to usb_uart.o(.data) for WorkPutPt
    pwm.o(i.PWM0A_GetFrequency) refers to pwm.o(.data) for _pwmPeriod
    pwm.o(i.PWM0A_Init) refers to pwm.o(i.PWM0A_SetPeriod) for PWM0A_SetPeriod
    pwm.o(i.PWM0A_Init) refers to pwm.o(i.PWM0A_SetDuty) for PWM0A_SetDuty
    pwm.o(i.PWM0A_SetDuty) refers to pwm.o(.data) for _dutyPeriod
    pwm.o(i.PWM0A_SetDutyPercent) refers to pwm.o(i.PWM0A_SetDuty) for PWM0A_SetDuty
    pwm.o(i.PWM0A_SetDutyPercent) refers to pwm.o(.data) for _pwmPeriod
    pwm.o(i.PWM0A_SetFrequency) refers to pwm.o(i.PWM0A_SetDuty) for PWM0A_SetDuty
    pwm.o(i.PWM0A_SetFrequency) refers to pwm.o(i.PWM0A_SetPeriod) for PWM0A_SetPeriod
    pwm.o(i.PWM0A_SetFrequency) refers to pwm.o(.data) for _dutyPeriod
    pwm.o(i.PWM0A_SetPeriod) refers to pwm.o(.data) for _pwmPeriod
    interpreter.o(i.INTER_HandleBuffer) refers to usb_uart.o(i.RxFifo_Get) for RxFifo_Get
    interpreter.o(i.INTER_HandleBuffer) refers to strtok.o(.text) for strtok
    interpreter.o(i.INTER_HandleBuffer) refers to printf4.o(i.__0printf$4) for __2printf
    interpreter.o(i.INTER_HandleBuffer) refers to interpreter.o(.bss) for INTER_CmdBuffer
    command.o(i.adcTestHandler) refers to printf4.o(i.__0printf$4) for __2printf
    command.o(i.adcTestHandler) refers to atoi.o(.text) for atoi
    command.o(i.adcTestHandler) refers to malloc.o(i.malloc) for malloc
    command.o(i.adcTestHandler) refers to adc.o(i.ADC_Collect) for ADC_Collect
    command.o(i.adcTestHandler) refers to command.o(.constdata) for .constdata
    command.o(i.adcTestHandler) refers to adc.o(.data) for ADCBufferPointer
    command.o(i.getHandler) refers to printf4.o(i.__0printf$4) for __2printf
    command.o(i.getHandler) refers to command.o(i.printHelp) for printHelp
    command.o(i.getHandler) refers to strcmp.o(.text) for strcmp
    command.o(i.getHandler) refers to command.o(.data) for getCommands
    command.o(i.helloBottomScreenHandler) refers to printf4.o(i.__0printf$4) for __2printf
    command.o(i.helloBottomScreenHandler) refers to st7735.o(i.ST7735_Message) for ST7735_Message
    command.o(i.helloTopScreenHandler) refers to printf4.o(i.__0printf$4) for __2printf
    command.o(i.helloTopScreenHandler) refers to st7735.o(i.ST7735_Message) for ST7735_Message
    command.o(i.helpHandler) refers to strcmp.o(.text) for strcmp
    command.o(i.helpHandler) refers to command.o(i.printHelp) for printHelp
    command.o(i.helpHandler) refers to printf4.o(i.__0printf$4) for __2printf
    command.o(i.helpHandler) refers to command.o(.data) for mainCommands
    command.o(i.ledDisablerHandler) refers to printf4.o(i.__0printf$4) for __2printf
    command.o(i.ledDisablerHandler) refers to os.o(i.OS_RemovePeriodicThread) for OS_RemovePeriodicThread
    command.o(i.ledDisablerHandler) refers to command.o(.data) for ledTogglerEnabled
    command.o(i.ledDisablerHandler) refers to command.o(i.ledTogglerTask) for ledTogglerTask
    command.o(i.ledTogglerHandler) refers to printf4.o(i.__0printf$4) for __2printf
    command.o(i.ledTogglerHandler) refers to atoi.o(.text) for atoi
    command.o(i.ledTogglerHandler) refers to os.o(i.OS_AddPeriodicThread) for OS_AddPeriodicThread
    command.o(i.ledTogglerHandler) refers to command.o(.data) for ledTogglerEnabled
    command.o(i.ledTogglerHandler) refers to command.o(i.ledTogglerTask) for ledTogglerTask
    command.o(i.printHelp) refers to printf4.o(i.__0printf$4) for __2printf
    command.o(i.pwmDutySetter) refers to printf4.o(i.__0printf$4) for __2printf
    command.o(i.pwmDutySetter) refers to atoi.o(.text) for atoi
    command.o(i.pwmDutySetter) refers to pwm.o(i.PWM0A_SetDutyPercent) for PWM0A_SetDutyPercent
    command.o(i.pwmFreqGetter) refers to pwm.o(i.PWM0A_GetFrequency) for PWM0A_GetFrequency
    command.o(i.pwmFreqGetter) refers to printf4.o(i.__0printf$4) for __2printf
    command.o(i.pwmFreqSetter) refers to printf4.o(i.__0printf$4) for __2printf
    command.o(i.pwmFreqSetter) refers to atoi.o(.text) for atoi
    command.o(i.pwmFreqSetter) refers to pwm.o(i.PWM0A_SetFrequency) for PWM0A_SetFrequency
    command.o(i.runHandler) refers to printf4.o(i.__0printf$4) for __2printf
    command.o(i.runHandler) refers to command.o(i.printHelp) for printHelp
    command.o(i.runHandler) refers to strcmp.o(.text) for strcmp
    command.o(i.runHandler) refers to command.o(.data) for runCommands
    command.o(i.setHandler) refers to printf4.o(i.__0printf$4) for __2printf
    command.o(i.setHandler) refers to command.o(i.printHelp) for printHelp
    command.o(i.setHandler) refers to strcmp.o(.text) for strcmp
    command.o(i.setHandler) refers to command.o(.data) for setCommands
    command.o(.data) refers to command.o(.conststring) for .conststring
    command.o(.data) refers to command.o(i.setHandler) for setHandler
    command.o(.data) refers to command.o(i.getHandler) for getHandler
    command.o(.data) refers to command.o(i.runHandler) for runHandler
    command.o(.data) refers to command.o(i.helpHandler) for helpHandler
    command.o(.data) refers to command.o(i.pwmFreqSetter) for pwmFreqSetter
    command.o(.data) refers to command.o(i.pwmDutySetter) for pwmDutySetter
    command.o(.data) refers to command.o(i.pwmFreqGetter) for pwmFreqGetter
    command.o(.data) refers to command.o(i.adcTestHandler) for adcTestHandler
    command.o(.data) refers to command.o(i.ledTogglerHandler) for ledTogglerHandler
    command.o(.data) refers to command.o(i.ledDisablerHandler) for ledDisablerHandler
    command.o(.data) refers to command.o(i.helloTopScreenHandler) for helloTopScreenHandler
    command.o(.data) refers to command.o(i.helloBottomScreenHandler) for helloBottomScreenHandler
    timer0.o(i.Timer0_Init) refers to startup.o(.text) for DisableInterrupts
    adc.o(i.ADC0Seq3_Handler) refers to adc.o(.data) for ADCvalue
    adc.o(i.ADC_Collect) refers to adc.o(i.ADC_Pin_Config) for ADC_Pin_Config
    adc.o(i.ADC_Collect) refers to adc.o(i.ADC_Init) for ADC_Init
    adc.o(i.ADC_Collect) refers to timer0.o(i.Timer0_Init) for Timer0_Init
    adc.o(i.ADC_Collect) refers to startup.o(.text) for EnableInterrupts
    adc.o(i.ADC_Collect) refers to adc.o(.data) for ADCsamplesMax
    adc.o(i.ADC_Init) refers to startup.o(.text) for DisableInterrupts
    adc.o(i.ADC_Status) refers to adc.o(.data) for ADCstatus
    adc.o(i.Timer0A_Handler) refers to adc.o(.data) for Timer0_Current
    os.o(i.OS_AddPeriodicThread) refers to os.o(.bss) for OS_PeriodicTasks
    os.o(i.OS_ClearPeriodicTime) refers to os.o(.data) for OS_Timer
    os.o(i.OS_InitPeriodicClock) refers to systick.o(i.SysTick_Init) for SysTick_Init
    os.o(i.OS_InitPeriodicClock) refers to os.o(.data) for OS_Timer
    os.o(i.OS_InitPeriodicClock) refers to os.o(.bss) for OS_PeriodicTasks
    os.o(i.OS_ReadPeriodicTime) refers to os.o(.data) for OS_Timer
    os.o(i.OS_RemovePeriodicThread) refers to os.o(.bss) for OS_PeriodicTasks
    os.o(i.SysTick_Handler) refers to os.o(.data) for OS_Timer
    os.o(i.SysTick_Handler) refers to os.o(.bss) for OS_PeriodicTasks
    entry.o(.ARM.Collect$$$$00000000) refers (Special) to entry10a.o(.ARM.Collect$$$$0000000D) for __rt_final_cpp
    entry.o(.ARM.Collect$$$$00000000) refers (Special) to entry11a.o(.ARM.Collect$$$$0000000F) for __rt_final_exit
    entry.o(.ARM.Collect$$$$00000000) refers (Special) to entry7b.o(.ARM.Collect$$$$00000008) for _main_clock
    entry.o(.ARM.Collect$$$$00000000) refers (Special) to entry8b.o(.ARM.Collect$$$$0000000A) for _main_cpp_init
    entry.o(.ARM.Collect$$$$00000000) refers (Special) to entry9a.o(.ARM.Collect$$$$0000000B) for _main_init
    entry.o(.ARM.Collect$$$$00000000) refers (Special) to entry5.o(.ARM.Collect$$$$00000004) for _main_scatterload
    entry.o(.ARM.Collect$$$$00000000) refers (Special) to entry2.o(.ARM.Collect$$$$00000001) for _main_stk
    strtok.o(.text) refers to strtok.o(.data) for .data
    strtok_r.o(.text) refers to strtok_r.o(.data) for .data
    printfb.o(i.__0fprintf$bare) refers to printfb.o(i._printf_core) for _printf_core
    printfb.o(i.__0fprintf$bare) refers to main.o(i.fputc) for fputc
    printfb.o(i.__0printf$bare) refers to printfb.o(i._printf_core) for _printf_core
    printfb.o(i.__0printf$bare) refers to main.o(i.fputc) for fputc
    printfb.o(i.__0printf$bare) refers to stdout.o(.data) for __stdout
    printfb.o(i.__0snprintf$bare) refers to printfb.o(i._printf_core) for _printf_core
    printfb.o(i.__0snprintf$bare) refers to printfb.o(i._snputc) for _snputc
    printfb.o(i.__0sprintf$bare) refers to printfb.o(i._printf_core) for _printf_core
    printfb.o(i.__0sprintf$bare) refers to printfb.o(i._sputc) for _sputc
    printfb.o(i.__0vfprintf$bare) refers to printfb.o(i._printf_core) for _printf_core
    printfb.o(i.__0vfprintf$bare) refers to main.o(i.fputc) for fputc
    printfb.o(i.__0vprintf$bare) refers to printfb.o(i._printf_core) for _printf_core
    printfb.o(i.__0vprintf$bare) refers to main.o(i.fputc) for fputc
    printfb.o(i.__0vprintf$bare) refers to stdout.o(.data) for __stdout
    printfb.o(i.__0vsnprintf$bare) refers to printfb.o(i._printf_core) for _printf_core
    printfb.o(i.__0vsnprintf$bare) refers to printfb.o(i._snputc) for _snputc
    printfb.o(i.__0vsprintf$bare) refers to printfb.o(i._printf_core) for _printf_core
    printfb.o(i.__0vsprintf$bare) refers to printfb.o(i._sputc) for _sputc
    printf0.o(i.__0fprintf$0) refers to printf0.o(i._printf_core) for _printf_core
    printf0.o(i.__0fprintf$0) refers to main.o(i.fputc) for fputc
    printf0.o(i.__0printf$0) refers to printf0.o(i._printf_core) for _printf_core
    printf0.o(i.__0printf$0) refers to main.o(i.fputc) for fputc
    printf0.o(i.__0printf$0) refers to stdout.o(.data) for __stdout
    printf0.o(i.__0snprintf$0) refers to printf0.o(i._printf_core) for _printf_core
    printf0.o(i.__0snprintf$0) refers to printf0.o(i._snputc) for _snputc
    printf0.o(i.__0sprintf$0) refers to printf0.o(i._printf_core) for _printf_core
    printf0.o(i.__0sprintf$0) refers to printf0.o(i._sputc) for _sputc
    printf0.o(i.__0vfprintf$0) refers to printf0.o(i._printf_core) for _printf_core
    printf0.o(i.__0vfprintf$0) refers to main.o(i.fputc) for fputc
    printf0.o(i.__0vprintf$0) refers to printf0.o(i._printf_core) for _printf_core
    printf0.o(i.__0vprintf$0) refers to main.o(i.fputc) for fputc
    printf0.o(i.__0vprintf$0) refers to stdout.o(.data) for __stdout
    printf0.o(i.__0vsnprintf$0) refers to printf0.o(i._printf_core) for _printf_core
    printf0.o(i.__0vsnprintf$0) refers to printf0.o(i._snputc) for _snputc
    printf0.o(i.__0vsprintf$0) refers to printf0.o(i._printf_core) for _printf_core
    printf0.o(i.__0vsprintf$0) refers to printf0.o(i._sputc) for _sputc
    printf1.o(i.__0fprintf$1) refers to printf1.o(i._printf_core) for _printf_core
    printf1.o(i.__0fprintf$1) refers to main.o(i.fputc) for fputc
    printf1.o(i.__0printf$1) refers to printf1.o(i._printf_core) for _printf_core
    printf1.o(i.__0printf$1) refers to main.o(i.fputc) for fputc
    printf1.o(i.__0printf$1) refers to stdout.o(.data) for __stdout
    printf1.o(i.__0snprintf$1) refers to printf1.o(i._printf_core) for _printf_core
    printf1.o(i.__0snprintf$1) refers to printf1.o(i._snputc) for _snputc
    printf1.o(i.__0sprintf$1) refers to printf1.o(i._printf_core) for _printf_core
    printf1.o(i.__0sprintf$1) refers to printf1.o(i._sputc) for _sputc
    printf1.o(i.__0vfprintf$1) refers to printf1.o(i._printf_core) for _printf_core
    printf1.o(i.__0vfprintf$1) refers to main.o(i.fputc) for fputc
    printf1.o(i.__0vprintf$1) refers to printf1.o(i._printf_core) for _printf_core
    printf1.o(i.__0vprintf$1) refers to main.o(i.fputc) for fputc
    printf1.o(i.__0vprintf$1) refers to stdout.o(.data) for __stdout
    printf1.o(i.__0vsnprintf$1) refers to printf1.o(i._printf_core) for _printf_core
    printf1.o(i.__0vsnprintf$1) refers to printf1.o(i._snputc) for _snputc
    printf1.o(i.__0vsprintf$1) refers to printf1.o(i._printf_core) for _printf_core
    printf1.o(i.__0vsprintf$1) refers to printf1.o(i._sputc) for _sputc
    printf1.o(i._printf_core) refers to uidiv.o(.text) for __aeabi_uidivmod
    printf2.o(i.__0fprintf$2) refers to printf2.o(i._printf_core) for _printf_core
    printf2.o(i.__0fprintf$2) refers to main.o(i.fputc) for fputc
    printf2.o(i.__0printf$2) refers to printf2.o(i._printf_core) for _printf_core
    printf2.o(i.__0printf$2) refers to main.o(i.fputc) for fputc
    printf2.o(i.__0printf$2) refers to stdout.o(.data) for __stdout
    printf2.o(i.__0snprintf$2) refers to printf2.o(i._printf_core) for _printf_core
    printf2.o(i.__0snprintf$2) refers to printf2.o(i._snputc) for _snputc
    printf2.o(i.__0sprintf$2) refers to printf2.o(i._printf_core) for _printf_core
    printf2.o(i.__0sprintf$2) refers to printf2.o(i._sputc) for _sputc
    printf2.o(i.__0vfprintf$2) refers to printf2.o(i._printf_core) for _printf_core
    printf2.o(i.__0vfprintf$2) refers to main.o(i.fputc) for fputc
    printf2.o(i.__0vprintf$2) refers to printf2.o(i._printf_core) for _printf_core
    printf2.o(i.__0vprintf$2) refers to main.o(i.fputc) for fputc
    printf2.o(i.__0vprintf$2) refers to stdout.o(.data) for __stdout
    printf2.o(i.__0vsnprintf$2) refers to printf2.o(i._printf_core) for _printf_core
    printf2.o(i.__0vsnprintf$2) refers to printf2.o(i._snputc) for _snputc
    printf2.o(i.__0vsprintf$2) refers to printf2.o(i._printf_core) for _printf_core
    printf2.o(i.__0vsprintf$2) refers to printf2.o(i._sputc) for _sputc
    printf3.o(i.__0fprintf$3) refers to printf3.o(i._printf_core) for _printf_core
    printf3.o(i.__0fprintf$3) refers to main.o(i.fputc) for fputc
    printf3.o(i.__0printf$3) refers to printf3.o(i._printf_core) for _printf_core
    printf3.o(i.__0printf$3) refers to main.o(i.fputc) for fputc
    printf3.o(i.__0printf$3) refers to stdout.o(.data) for __stdout
    printf3.o(i.__0snprintf$3) refers to printf3.o(i._printf_core) for _printf_core
    printf3.o(i.__0snprintf$3) refers to printf3.o(i._snputc) for _snputc
    printf3.o(i.__0sprintf$3) refers to printf3.o(i._printf_core) for _printf_core
    printf3.o(i.__0sprintf$3) refers to printf3.o(i._sputc) for _sputc
    printf3.o(i.__0vfprintf$3) refers to printf3.o(i._printf_core) for _printf_core
    printf3.o(i.__0vfprintf$3) refers to main.o(i.fputc) for fputc
    printf3.o(i.__0vprintf$3) refers to printf3.o(i._printf_core) for _printf_core
    printf3.o(i.__0vprintf$3) refers to main.o(i.fputc) for fputc
    printf3.o(i.__0vprintf$3) refers to stdout.o(.data) for __stdout
    printf3.o(i.__0vsnprintf$3) refers to printf3.o(i._printf_core) for _printf_core
    printf3.o(i.__0vsnprintf$3) refers to printf3.o(i._snputc) for _snputc
    printf3.o(i.__0vsprintf$3) refers to printf3.o(i._printf_core) for _printf_core
    printf3.o(i.__0vsprintf$3) refers to printf3.o(i._sputc) for _sputc
    printf3.o(i._printf_core) refers to uidiv.o(.text) for __aeabi_uidivmod
    printf4.o(i.__0fprintf$4) refers to printf4.o(i._printf_core) for _printf_core
    printf4.o(i.__0fprintf$4) refers to main.o(i.fputc) for fputc
    printf4.o(i.__0printf$4) refers to printf4.o(i._printf_core) for _printf_core
    printf4.o(i.__0printf$4) refers to main.o(i.fputc) for fputc
    printf4.o(i.__0printf$4) refers to stdout.o(.data) for __stdout
    printf4.o(i.__0snprintf$4) refers to printf4.o(i._printf_core) for _printf_core
    printf4.o(i.__0snprintf$4) refers to printf4.o(i._snputc) for _snputc
    printf4.o(i.__0sprintf$4) refers to printf4.o(i._printf_core) for _printf_core
    printf4.o(i.__0sprintf$4) refers to printf4.o(i._sputc) for _sputc
    printf4.o(i.__0vfprintf$4) refers to printf4.o(i._printf_core) for _printf_core
    printf4.o(i.__0vfprintf$4) refers to main.o(i.fputc) for fputc
    printf4.o(i.__0vprintf$4) refers to printf4.o(i._printf_core) for _printf_core
    printf4.o(i.__0vprintf$4) refers to main.o(i.fputc) for fputc
    printf4.o(i.__0vprintf$4) refers to stdout.o(.data) for __stdout
    printf4.o(i.__0vsnprintf$4) refers to printf4.o(i._printf_core) for _printf_core
    printf4.o(i.__0vsnprintf$4) refers to printf4.o(i._snputc) for _snputc
    printf4.o(i.__0vsprintf$4) refers to printf4.o(i._printf_core) for _printf_core
    printf4.o(i.__0vsprintf$4) refers to printf4.o(i._sputc) for _sputc
    printf4.o(i._printf_core) refers to uldiv.o(.text) for __aeabi_uldivmod
    printf5.o(i.__0fprintf$5) refers to printf5.o(i._printf_core) for _printf_core
    printf5.o(i.__0fprintf$5) refers to main.o(i.fputc) for fputc
    printf5.o(i.__0printf$5) refers to printf5.o(i._printf_core) for _printf_core
    printf5.o(i.__0printf$5) refers to main.o(i.fputc) for fputc
    printf5.o(i.__0printf$5) refers to stdout.o(.data) for __stdout
    printf5.o(i.__0snprintf$5) refers to printf5.o(i._printf_core) for _printf_core
    printf5.o(i.__0snprintf$5) refers to printf5.o(i._snputc) for _snputc
    printf5.o(i.__0sprintf$5) refers to printf5.o(i._printf_core) for _printf_core
    printf5.o(i.__0sprintf$5) refers to printf5.o(i._sputc) for _sputc
    printf5.o(i.__0vfprintf$5) refers to printf5.o(i._printf_core) for _printf_core
    printf5.o(i.__0vfprintf$5) refers to main.o(i.fputc) for fputc
    printf5.o(i.__0vprintf$5) refers to printf5.o(i._printf_core) for _printf_core
    printf5.o(i.__0vprintf$5) refers to main.o(i.fputc) for fputc
    printf5.o(i.__0vprintf$5) refers to stdout.o(.data) for __stdout
    printf5.o(i.__0vsnprintf$5) refers to printf5.o(i._printf_core) for _printf_core
    printf5.o(i.__0vsnprintf$5) refers to printf5.o(i._snputc) for _snputc
    printf5.o(i.__0vsprintf$5) refers to printf5.o(i._printf_core) for _printf_core
    printf5.o(i.__0vsprintf$5) refers to printf5.o(i._sputc) for _sputc
    printf5.o(i._printf_core) refers to uldiv.o(.text) for __aeabi_uldivmod
    printf6.o(i.__0fprintf$6) refers to printf6.o(i._printf_core) for _printf_core
    printf6.o(i.__0fprintf$6) refers to main.o(i.fputc) for fputc
    printf6.o(i.__0printf$6) refers to printf6.o(i._printf_core) for _printf_core
    printf6.o(i.__0printf$6) refers to main.o(i.fputc) for fputc
    printf6.o(i.__0printf$6) refers to stdout.o(.data) for __stdout
    printf6.o(i.__0snprintf$6) refers to printf6.o(i._printf_core) for _printf_core
    printf6.o(i.__0snprintf$6) refers to printf6.o(i._snputc) for _snputc
    printf6.o(i.__0sprintf$6) refers to printf6.o(i._printf_core) for _printf_core
    printf6.o(i.__0sprintf$6) refers to printf6.o(i._sputc) for _sputc
    printf6.o(i.__0vfprintf$6) refers to printf6.o(i._printf_core) for _printf_core
    printf6.o(i.__0vfprintf$6) refers to main.o(i.fputc) for fputc
    printf6.o(i.__0vprintf$6) refers to printf6.o(i._printf_core) for _printf_core
    printf6.o(i.__0vprintf$6) refers to main.o(i.fputc) for fputc
    printf6.o(i.__0vprintf$6) refers to stdout.o(.data) for __stdout
    printf6.o(i.__0vsnprintf$6) refers to printf6.o(i._printf_core) for _printf_core
    printf6.o(i.__0vsnprintf$6) refers to printf6.o(i._snputc) for _snputc
    printf6.o(i.__0vsprintf$6) refers to printf6.o(i._printf_core) for _printf_core
    printf6.o(i.__0vsprintf$6) refers to printf6.o(i._sputc) for _sputc
    printf6.o(i._printf_core) refers to printf6.o(i._printf_pre_padding) for _printf_pre_padding
    printf6.o(i._printf_core) refers to uidiv.o(.text) for __aeabi_uidivmod
    printf6.o(i._printf_core) refers to printf6.o(i._printf_post_padding) for _printf_post_padding
    printf7.o(i.__0fprintf$7) refers to printf7.o(i._printf_core) for _printf_core
    printf7.o(i.__0fprintf$7) refers to main.o(i.fputc) for fputc
    printf7.o(i.__0printf$7) refers to printf7.o(i._printf_core) for _printf_core
    printf7.o(i.__0printf$7) refers to main.o(i.fputc) for fputc
    printf7.o(i.__0printf$7) refers to stdout.o(.data) for __stdout
    printf7.o(i.__0snprintf$7) refers to printf7.o(i._printf_core) for _printf_core
    printf7.o(i.__0snprintf$7) refers to printf7.o(i._snputc) for _snputc
    printf7.o(i.__0sprintf$7) refers to printf7.o(i._printf_core) for _printf_core
    printf7.o(i.__0sprintf$7) refers to printf7.o(i._sputc) for _sputc
    printf7.o(i.__0vfprintf$7) refers to printf7.o(i._printf_core) for _printf_core
    printf7.o(i.__0vfprintf$7) refers to main.o(i.fputc) for fputc
    printf7.o(i.__0vprintf$7) refers to printf7.o(i._printf_core) for _printf_core
    printf7.o(i.__0vprintf$7) refers to main.o(i.fputc) for fputc
    printf7.o(i.__0vprintf$7) refers to stdout.o(.data) for __stdout
    printf7.o(i.__0vsnprintf$7) refers to printf7.o(i._printf_core) for _printf_core
    printf7.o(i.__0vsnprintf$7) refers to printf7.o(i._snputc) for _snputc
    printf7.o(i.__0vsprintf$7) refers to printf7.o(i._printf_core) for _printf_core
    printf7.o(i.__0vsprintf$7) refers to printf7.o(i._sputc) for _sputc
    printf7.o(i._printf_core) refers to printf7.o(i._printf_pre_padding) for _printf_pre_padding
    printf7.o(i._printf_core) refers to uldiv.o(.text) for __aeabi_uldivmod
    printf7.o(i._printf_core) refers to printf7.o(i._printf_post_padding) for _printf_post_padding
    printf8.o(i.__0fprintf$8) refers to printf8.o(i._printf_core) for _printf_core
    printf8.o(i.__0fprintf$8) refers to main.o(i.fputc) for fputc
    printf8.o(i.__0printf$8) refers to printf8.o(i._printf_core) for _printf_core
    printf8.o(i.__0printf$8) refers to main.o(i.fputc) for fputc
    printf8.o(i.__0printf$8) refers to stdout.o(.data) for __stdout
    printf8.o(i.__0snprintf$8) refers to printf8.o(i._printf_core) for _printf_core
    printf8.o(i.__0snprintf$8) refers to printf8.o(i._snputc) for _snputc
    printf8.o(i.__0sprintf$8) refers to printf8.o(i._printf_core) for _printf_core
    printf8.o(i.__0sprintf$8) refers to printf8.o(i._sputc) for _sputc
    printf8.o(i.__0vfprintf$8) refers to printf8.o(i._printf_core) for _printf_core
    printf8.o(i.__0vfprintf$8) refers to main.o(i.fputc) for fputc
    printf8.o(i.__0vprintf$8) refers to printf8.o(i._printf_core) for _printf_core
    printf8.o(i.__0vprintf$8) refers to main.o(i.fputc) for fputc
    printf8.o(i.__0vprintf$8) refers to stdout.o(.data) for __stdout
    printf8.o(i.__0vsnprintf$8) refers to printf8.o(i._printf_core) for _printf_core
    printf8.o(i.__0vsnprintf$8) refers to printf8.o(i._snputc) for _snputc
    printf8.o(i.__0vsprintf$8) refers to printf8.o(i._printf_core) for _printf_core
    printf8.o(i.__0vsprintf$8) refers to printf8.o(i._sputc) for _sputc
    printf8.o(i._printf_core) refers to printf8.o(i._printf_pre_padding) for _printf_pre_padding
    printf8.o(i._printf_core) refers to uldiv.o(.text) for __aeabi_uldivmod
    printf8.o(i._printf_core) refers to printf8.o(i._printf_post_padding) for _printf_post_padding
    printfa.o(i.__0fprintf) refers (Special) to iusefp.o(.text) for __I$use$fp
    printfa.o(i.__0fprintf) refers to printfa.o(i._printf_core) for _printf_core
    printfa.o(i.__0fprintf) refers to main.o(i.fputc) for fputc
    printfa.o(i.__0printf) refers (Special) to iusefp.o(.text) for __I$use$fp
    printfa.o(i.__0printf) refers to printfa.o(i._printf_core) for _printf_core
    printfa.o(i.__0printf) refers to main.o(i.fputc) for fputc
    printfa.o(i.__0printf) refers to stdout.o(.data) for __stdout
    printfa.o(i.__0snprintf) refers (Special) to iusefp.o(.text) for __I$use$fp
    printfa.o(i.__0snprintf) refers to printfa.o(i._printf_core) for _printf_core
    printfa.o(i.__0snprintf) refers to printfa.o(i._snputc) for _snputc
    printfa.o(i.__0sprintf) refers (Special) to iusefp.o(.text) for __I$use$fp
    printfa.o(i.__0sprintf) refers to printfa.o(i._printf_core) for _printf_core
    printfa.o(i.__0sprintf) refers to printfa.o(i._sputc) for _sputc
    printfa.o(i.__0vfprintf) refers (Special) to iusefp.o(.text) for __I$use$fp
    printfa.o(i.__0vfprintf) refers to printfa.o(i._printf_core) for _printf_core
    printfa.o(i.__0vfprintf) refers to main.o(i.fputc) for fputc
    printfa.o(i.__0vprintf) refers (Special) to iusefp.o(.text) for __I$use$fp
    printfa.o(i.__0vprintf) refers to printfa.o(i._printf_core) for _printf_core
    printfa.o(i.__0vprintf) refers to main.o(i.fputc) for fputc
    printfa.o(i.__0vprintf) refers to stdout.o(.data) for __stdout
    printfa.o(i.__0vsnprintf) refers (Special) to iusefp.o(.text) for __I$use$fp
    printfa.o(i.__0vsnprintf) refers to printfa.o(i._printf_core) for _printf_core
    printfa.o(i.__0vsnprintf) refers to printfa.o(i._snputc) for _snputc
    printfa.o(i.__0vsprintf) refers (Special) to iusefp.o(.text) for __I$use$fp
    printfa.o(i.__0vsprintf) refers to printfa.o(i._printf_core) for _printf_core
    printfa.o(i.__0vsprintf) refers to printfa.o(i._sputc) for _sputc
    printfa.o(i._fp_digits) refers (Special) to iusefp.o(.text) for __I$use$fp
    printfa.o(i._fp_digits) refers to dmul.o(.text) for __aeabi_dmul
    printfa.o(i._fp_digits) refers to ddiv.o(.text) for __aeabi_ddiv
    printfa.o(i._fp_digits) refers to cdrcmple.o(.text) for __aeabi_cdrcmple
    printfa.o(i._fp_digits) refers to dadd.o(.text) for __aeabi_dadd
    printfa.o(i._fp_digits) refers to dfixul.o(.text) for __aeabi_d2ulz
    printfa.o(i._fp_digits) refers to uldiv.o(.text) for __aeabi_uldivmod
    printfa.o(i._printf_core) refers (Special) to iusefp.o(.text) for __I$use$fp
    printfa.o(i._printf_core) refers to printfa.o(i._printf_pre_padding) for _printf_pre_padding
    printfa.o(i._printf_core) refers to uldiv.o(.text) for __aeabi_uldivmod
    printfa.o(i._printf_core) refers to printfa.o(i._printf_post_padding) for _printf_post_padding
    printfa.o(i._printf_core) refers to printfa.o(i._fp_digits) for _fp_digits
    printfa.o(i._printf_core) refers to uidiv.o(.text) for __aeabi_uidivmod
    printfa.o(i._printf_post_padding) refers (Special) to iusefp.o(.text) for __I$use$fp
    printfa.o(i._printf_pre_padding) refers (Special) to iusefp.o(.text) for __I$use$fp
    printfa.o(i._snputc) refers (Special) to iusefp.o(.text) for __I$use$fp
    printfa.o(i._sputc) refers (Special) to iusefp.o(.text) for __I$use$fp
    malloc.o(i.free) refers to mvars.o(.data) for __microlib_freelist
    malloc.o(i.malloc) refers to mvars.o(.data) for __microlib_freelist_initialised
    malloc.o(i.malloc) refers to mvars.o(.data) for __microlib_freelist
    malloc.o(i.malloc) refers to startup.o(HEAP) for __heap_base
    mallocr.o(i.__free$realloc) refers to mvars.o(.data) for __microlib_freelist
    mallocr.o(i.__malloc$realloc) refers to mallocr.o(i.internal_alloc) for internal_alloc
    mallocr.o(i.__malloc$realloc) refers to mvars.o(.data) for __microlib_freelist_initialised
    mallocr.o(i.__malloc$realloc) refers to startup.o(HEAP) for __heap_base
    mallocr.o(i.__malloc$realloc) refers to mvars.o(.data) for __microlib_freelist
    mallocr.o(i.internal_alloc) refers to memcpya.o(.text) for __aeabi_memcpy
    mallocr.o(i.internal_alloc) refers to mvars.o(.data) for __microlib_freelist
    mallocr.o(i.realloc) refers to mallocr.o(i.__free$realloc) for __free$realloc
    mallocr.o(i.realloc) refers to mallocr.o(i.internal_alloc) for internal_alloc
    mallocr.o(i.realloc) refers to mallocr.o(i.__malloc$realloc) for __malloc$realloc
    mallocr.o(i.realloc) refers to mvars.o(.data) for __microlib_freelist
    malloca.o(i.__aligned_malloc) refers to mvars.o(.data) for __microlib_freelist_initialised
    malloca.o(i.__aligned_malloc) refers to mvars.o(.data) for __microlib_freelist
    malloca.o(i.__aligned_malloc) refers to startup.o(HEAP) for __heap_base
    malloca.o(i.__free$memalign) refers to mvars.o(.data) for __microlib_freelist
    malloca.o(i.__malloc$memalign) refers to malloca.o(i.__aligned_malloc) for __aligned_malloc
    mallocra.o(i.__aligned_malloc$realloc) refers to mallocra.o(i.internal_alloc) for internal_alloc
    mallocra.o(i.__aligned_malloc$realloc) refers to mvars.o(.data) for __microlib_freelist_initialised
    mallocra.o(i.__aligned_malloc$realloc) refers to startup.o(HEAP) for __heap_base
    mallocra.o(i.__aligned_malloc$realloc) refers to mvars.o(.data) for __microlib_freelist
    mallocra.o(i.__free$realloc$memalign) refers to mvars.o(.data) for __microlib_freelist
    mallocra.o(i.__malloc$realloc$memalign) refers to mallocra.o(i.__aligned_malloc$realloc) for __aligned_malloc$realloc
    mallocra.o(i.__realloc$memalign) refers to mallocra.o(i.__free$realloc$memalign) for __free$realloc$memalign
    mallocra.o(i.__realloc$memalign) refers to mallocra.o(i.internal_alloc) for internal_alloc
    mallocra.o(i.__realloc$memalign) refers to mallocra.o(i.__malloc$realloc$memalign) for __malloc$realloc$memalign
    mallocra.o(i.__realloc$memalign) refers to mvars.o(.data) for __microlib_freelist
    mallocra.o(i.internal_alloc) refers to memcpya.o(.text) for __aeabi_memcpy
    mallocra.o(i.internal_alloc) refers to mvars.o(.data) for __microlib_freelist
    atoi.o(.text) refers to errno.o(i.__aeabi_errno_addr) for __aeabi_errno_addr
    atoi.o(.text) refers to strtol.o(.text) for strtol
    entry2.o(.ARM.Collect$$$$00000001) refers to entry2.o(.ARM.Collect$$$$00002712) for __lit__00000000
    entry2.o(.ARM.Collect$$$$00002712) refers to startup.o(STACK) for __initial_sp
    entry2.o(__vectab_stack_and_reset_area) refers to startup.o(STACK) for __initial_sp
    entry2.o(__vectab_stack_and_reset_area) refers to entry.o(.ARM.Collect$$$$00000000) for __main
    entry5.o(.ARM.Collect$$$$00000004) refers to init.o(.text) for __scatterload
    entry9a.o(.ARM.Collect$$$$0000000B) refers to main.o(i.main) for main
    entry9b.o(.ARM.Collect$$$$0000000C) refers to main.o(i.main) for main
    uldiv.o(.text) refers to llushr.o(.text) for __aeabi_llsr
    uldiv.o(.text) refers to llshl.o(.text) for __aeabi_llsl
    errno.o(i.__aeabi_errno_addr) refers to errno.o(.data) for .data
    errno.o(i.__read_errno) refers to errno.o(.data) for .data
    errno.o(i.__set_errno) refers to errno.o(.data) for .data
    strtol.o(.text) refers to ctype_o.o(.text) for __rt_ctype_table
    strtol.o(.text) refers to _strtoul.o(.text) for _strtoul
    strtol.o(.text) refers to errno.o(i.__aeabi_errno_addr) for __aeabi_errno_addr
    dadd.o(.text) refers to llshl.o(.text) for __aeabi_llsl
    dadd.o(.text) refers to llsshr.o(.text) for __aeabi_lasr
    dadd.o(.text) refers to depilogue.o(.text) for _double_epilogue
    dmul.o(.text) refers to depilogue.o(.text) for _double_epilogue
    ddiv.o(.text) refers to depilogue.o(.text) for _double_round
    dfixul.o(.text) refers to llushr.o(.text) for __aeabi_llsr
    dfixul.o(.text) refers to llshl.o(.text) for __aeabi_llsl
    init.o(.text) refers to entry5.o(.ARM.Collect$$$$00000004) for __main_after_scatterload
    ctype_o.o(.text) refers to ctype_o.o(.constdata) for .constdata
    ctype_o.o(.constdata) refers to ctype_o.o(.constdata) for __ctype_table
    isalnum_o.o(.text) refers to ctype_o.o(.text) for __rt_ctype_table
    isalpha_o.o(.text) refers to ctype_o.o(.text) for __rt_ctype_table
    isblank_o.o(.text) refers to ctype_o.o(.constdata) for __ctype_table
    iscntrl_o.o(.text) refers to ctype_o.o(.text) for __rt_ctype_table
    isdigit_o.o(.text) refers to ctype_o.o(.text) for __rt_ctype_table
    isgraph_o.o(.text) refers to ctype_o.o(.text) for __rt_ctype_table
    islower_o.o(.text) refers to ctype_o.o(.text) for __rt_ctype_table
    isprint_o.o(.text) refers to ctype_o.o(.text) for __rt_ctype_table
    ispunct_o.o(.text) refers to ctype_o.o(.text) for __rt_ctype_table
    isspace_o.o(.text) refers to ctype_o.o(.text) for __rt_ctype_table
    isupper_o.o(.text) refers to ctype_o.o(.text) for __rt_ctype_table
    isxdigit_o.o(.text) refers to ctype_o.o(.text) for __rt_ctype_table
    _strtoul.o(.text) refers to _chval.o(.text) for _chval
    _strtoul.o(.text) refers to errno.o(i.__aeabi_errno_addr) for __aeabi_errno_addr
    depilogue.o(.text) refers to llshl.o(.text) for __aeabi_llsl
    depilogue.o(.text) refers to llushr.o(.text) for __aeabi_llsr


==============================================================================

Removing Unused input sections from the image.

    Removing startup.o(HEAP), (0 bytes).
    Removing main.o(.bss), (16 bytes).
    Removing main.o(.data), (16 bytes).
    Removing st7735.o(i.Output_Clear), (10 bytes).
    Removing st7735.o(i.Output_Off), (8 bytes).
    Removing st7735.o(i.Output_On), (8 bytes).
    Removing st7735.o(i.ST7735_Color565), (24 bytes).
    Removing st7735.o(i.ST7735_DrawBitmap), (288 bytes).
    Removing st7735.o(i.ST7735_DrawChar), (268 bytes).
    Removing st7735.o(i.ST7735_DrawCharS), (244 bytes).
    Removing st7735.o(i.ST7735_DrawFastHLine), (124 bytes).
    Removing st7735.o(i.ST7735_DrawFastVLine), (124 bytes).
    Removing st7735.o(i.ST7735_DrawLine), (178 bytes).
    Removing st7735.o(i.ST7735_DrawPixel), (76 bytes).
    Removing st7735.o(i.ST7735_DrawString), (84 bytes).
    Removing st7735.o(i.ST7735_InitB), (40 bytes).
    Removing st7735.o(i.ST7735_InvertDisplay), (22 bytes).
    Removing st7735.o(i.ST7735_Message), (112 bytes).
    Removing st7735.o(i.ST7735_OutChar), (212 bytes).
    Removing st7735.o(i.ST7735_OutString), (22 bytes).
    Removing st7735.o(i.ST7735_OutUDec), (140 bytes).
    Removing st7735.o(i.ST7735_PlotBar), (88 bytes).
    Removing st7735.o(i.ST7735_PlotClear), (92 bytes).
    Removing st7735.o(i.ST7735_PlotLine), (264 bytes).
    Removing st7735.o(i.ST7735_PlotNext), (32 bytes).
    Removing st7735.o(i.ST7735_PlotNextErase), (64 bytes).
    Removing st7735.o(i.ST7735_PlotPoint), (152 bytes).
    Removing st7735.o(i.ST7735_PlotPoints), (172 bytes).
    Removing st7735.o(i.ST7735_PlotdBfs), (60 bytes).
    Removing st7735.o(i.ST7735_SetRotation), (212 bytes).
    Removing st7735.o(i.ST7735_SetTextSize), (12 bytes).
    Removing st7735.o(i.ST7735_SwapColor), (18 bytes).
    Removing st7735.o(i.ferror), (8 bytes).
    Removing st7735.o(i.fgetc), (6 bytes).
    Removing st7735.o(i.fillmessage), (72 bytes).
    Removing st7735.o(i.pushColor), (18 bytes).
    Removing st7735.o(.bss), (12 bytes).
    Removing usb_uart.o(i.RxFifo_Clear), (32 bytes).
    Removing usb_uart.o(i.RxFifo_Get), (76 bytes).
    Removing usb_uart.o(i.RxFifo_Pointer_RST), (40 bytes).
    Removing usb_uart.o(i.RxFifo_Pop), (44 bytes).
    Removing usb_uart.o(i.RxFifo_Put), (64 bytes).
    Removing usb_uart.o(i.RxFifo_Shift_L), (40 bytes).
    Removing usb_uart.o(i.RxFifo_Shift_R), (40 bytes).
    Removing usb_uart.o(i.RxFifo_Size), (52 bytes).
    Removing usb_uart.o(i.TxFifo_Clear), (32 bytes).
    Removing usb_uart.o(i.TxFifo_Get), (76 bytes).
    Removing usb_uart.o(i.TxFifo_New_Level), (76 bytes).
    Removing usb_uart.o(i.TxFifo_Pointer_RST), (40 bytes).
    Removing usb_uart.o(i.TxFifo_Pop), (44 bytes).
    Removing usb_uart.o(i.TxFifo_Put), (64 bytes).
    Removing usb_uart.o(i.TxFifo_Shift_L), (40 bytes).
    Removing usb_uart.o(i.TxFifo_Shift_R), (40 bytes).
    Removing usb_uart.o(i.TxFifo_Size), (52 bytes).
    Removing usb_uart.o(i.USB_UART_DisableRXInterrupt), (24 bytes).
    Removing usb_uart.o(i.WorkFifo_Get), (76 bytes).
    Removing usb_uart.o(i.WorkFifo_New_Level), (76 bytes).
    Removing usb_uart.o(i.WorkFifo_Size), (52 bytes).
    Removing systick.o(i.SysTick_Init), (60 bytes).
    Removing systick.o(i.SysTick_Reset), (10 bytes).
    Removing systick.o(i.SysTick_SetReload), (14 bytes).
    Removing pwm.o(i.PWM0A_Disable), (28 bytes).
    Removing pwm.o(i.PWM0A_Enable), (28 bytes).
    Removing pwm.o(i.PWM0A_GetFrequency), (20 bytes).
    Removing pwm.o(i.PWM0A_Init), (192 bytes).
    Removing pwm.o(i.PWM0A_SetDuty), (20 bytes).
    Removing pwm.o(i.PWM0A_SetDutyPercent), (32 bytes).
    Removing pwm.o(i.PWM0A_SetFrequency), (72 bytes).
    Removing pwm.o(i.PWM0A_SetPeriod), (20 bytes).
    Removing pwm.o(.data), (4 bytes).
    Removing interpreter.o(i.INTER_HandleBuffer), (148 bytes).
    Removing interpreter.o(.bss), (64 bytes).
    Removing command.o(i.adcTestHandler), (316 bytes).
    Removing command.o(i.getHandler), (204 bytes).
    Removing command.o(i.helloBottomScreenHandler), (100 bytes).
    Removing command.o(i.helloTopScreenHandler), (92 bytes).
    Removing command.o(i.helpHandler), (208 bytes).
    Removing command.o(i.ledDisablerHandler), (128 bytes).
    Removing command.o(i.ledTogglerHandler), (336 bytes).
    Removing command.o(i.ledTogglerTask), (20 bytes).
    Removing command.o(i.printHelp), (68 bytes).
    Removing command.o(i.pwmDutySetter), (232 bytes).
    Removing command.o(i.pwmDutyTimeHandler), (6 bytes).
    Removing command.o(i.pwmFreqGetter), (56 bytes).
    Removing command.o(i.pwmFreqSetter), (244 bytes).
    Removing command.o(i.pwmPeriodHandler), (6 bytes).
    Removing command.o(i.runHandler), (204 bytes).
    Removing command.o(i.setHandler), (204 bytes).
    Removing command.o(.constdata), (74 bytes).
    Removing command.o(.conststring), (586 bytes).
    Removing command.o(.data), (260 bytes).
    Removing timer0.o(i.Timer0_Init), (124 bytes).
    Removing adc.o(i.ADC_Collect), (84 bytes).
    Removing adc.o(i.ADC_Init), (156 bytes).
    Removing adc.o(i.ADC_Pin_Config), (888 bytes).
    Removing adc.o(i.ADC_Status), (12 bytes).
    Removing os.o(i.OS_AddPeriodicThread), (68 bytes).
    Removing os.o(i.OS_ClearPeriodicTime), (12 bytes).
    Removing os.o(i.OS_InitPeriodicClock), (72 bytes).
    Removing os.o(i.OS_ReadPeriodicTime), (12 bytes).
    Removing os.o(i.OS_RemovePeriodicThread), (76 bytes).
    Removing dadd.o(.text), (334 bytes).
    Removing dmul.o(.text), (228 bytes).
    Removing ddiv.o(.text), (222 bytes).
    Removing dfixul.o(.text), (48 bytes).
    Removing cdrcmple.o(.text), (40 bytes).
    Removing depilogue.o(.text), (190 bytes).

107 unused section(s) (total 11000 bytes) removed from the image.

==============================================================================

Image Symbol Table

    Local Symbols

    Symbol Name                              Value     Ov Type        Size  Object(Section)

    RESET                                    0x00000000   Section      644  startup.o(RESET)
    ../clib/microlib/ctype/ctype.c           0x00000000   Number         0  isalpha_o.o ABSOLUTE
    ../clib/microlib/ctype/ctype.c           0x00000000   Number         0  isalnum_o.o ABSOLUTE
    ../clib/microlib/ctype/ctype.c           0x00000000   Number         0  ctype_o.o ABSOLUTE
    ../clib/microlib/ctype/ctype.c           0x00000000   Number         0  iscntrl_o.o ABSOLUTE
    ../clib/microlib/ctype/ctype.c           0x00000000   Number         0  isdigit_o.o ABSOLUTE
    ../clib/microlib/ctype/ctype.c           0x00000000   Number         0  isblank_o.o ABSOLUTE
    ../clib/microlib/ctype/ctype.c           0x00000000   Number         0  isgraph_o.o ABSOLUTE
    ../clib/microlib/ctype/ctype.c           0x00000000   Number         0  islower_o.o ABSOLUTE
    ../clib/microlib/ctype/ctype.c           0x00000000   Number         0  isprint_o.o ABSOLUTE
    ../clib/microlib/ctype/ctype.c           0x00000000   Number         0  isspace_o.o ABSOLUTE
    ../clib/microlib/ctype/ctype.c           0x00000000   Number         0  isupper_o.o ABSOLUTE
    ../clib/microlib/ctype/ctype.c           0x00000000   Number         0  isxdigit_o.o ABSOLUTE
    ../clib/microlib/ctype/ctype.c           0x00000000   Number         0  ispunct_o.o ABSOLUTE
    ../clib/microlib/division.c              0x00000000   Number         0  uldiv.o ABSOLUTE
    ../clib/microlib/division.c              0x00000000   Number         0  uidiv.o ABSOLUTE
    ../clib/microlib/errno.c                 0x00000000   Number         0  errno.o ABSOLUTE
    ../clib/microlib/init/entry.s            0x00000000   Number         0  entry.o ABSOLUTE
    ../clib/microlib/init/entry.s            0x00000000   Number         0  entry7b.o ABSOLUTE
    ../clib/microlib/init/entry.s            0x00000000   Number         0  entry7a.o ABSOLUTE
    ../clib/microlib/init/entry.s            0x00000000   Number         0  entry5.o ABSOLUTE
    ../clib/microlib/init/entry.s            0x00000000   Number         0  entry11b.o ABSOLUTE
    ../clib/microlib/init/entry.s            0x00000000   Number         0  entry11a.o ABSOLUTE
    ../clib/microlib/init/entry.s            0x00000000   Number         0  entry10b.o ABSOLUTE
    ../clib/microlib/init/entry.s            0x00000000   Number         0  entry10a.o ABSOLUTE
    ../clib/microlib/init/entry.s            0x00000000   Number         0  entry9b.o ABSOLUTE
    ../clib/microlib/init/entry.s            0x00000000   Number         0  entry2.o ABSOLUTE
    ../clib/microlib/init/entry.s            0x00000000   Number         0  entry9a.o ABSOLUTE
    ../clib/microlib/init/entry.s            0x00000000   Number         0  entry8b.o ABSOLUTE
    ../clib/microlib/init/entry.s            0x00000000   Number         0  entry8a.o ABSOLUTE
    ../clib/microlib/longlong.c              0x00000000   Number         0  llshl.o ABSOLUTE
    ../clib/microlib/longlong.c              0x00000000   Number         0  llushr.o ABSOLUTE
    ../clib/microlib/longlong.c              0x00000000   Number         0  llsshr.o ABSOLUTE
    ../clib/microlib/malloc/malloc.c         0x00000000   Number         0  malloca.o ABSOLUTE
    ../clib/microlib/malloc/malloc.c         0x00000000   Number         0  mallocra.o ABSOLUTE
    ../clib/microlib/malloc/malloc.c         0x00000000   Number         0  malloc.o ABSOLUTE
    ../clib/microlib/malloc/malloc.c         0x00000000   Number         0  mallocr.o ABSOLUTE
    ../clib/microlib/malloc/mvars.c          0x00000000   Number         0  mvars.o ABSOLUTE
    ../clib/microlib/printf/printf.c         0x00000000   Number         0  printf2.o ABSOLUTE
    ../clib/microlib/printf/printf.c         0x00000000   Number         0  printf1.o ABSOLUTE
    ../clib/microlib/printf/printf.c         0x00000000   Number         0  printf5.o ABSOLUTE
    ../clib/microlib/printf/printf.c         0x00000000   Number         0  printf0.o ABSOLUTE
    ../clib/microlib/printf/printf.c         0x00000000   Number         0  printfb.o ABSOLUTE
    ../clib/microlib/printf/printf.c         0x00000000   Number         0  printf6.o ABSOLUTE
    ../clib/microlib/printf/printf.c         0x00000000   Number         0  printf3.o ABSOLUTE
    ../clib/microlib/printf/printf.c         0x00000000   Number         0  printf7.o ABSOLUTE
    ../clib/microlib/printf/printf.c         0x00000000   Number         0  printf8.o ABSOLUTE
    ../clib/microlib/printf/printf.c         0x00000000   Number         0  printfa.o ABSOLUTE
    ../clib/microlib/printf/printf.c         0x00000000   Number         0  printf4.o ABSOLUTE
    ../clib/microlib/printf/stubs.s          0x00000000   Number         0  stubs.o ABSOLUTE
    ../clib/microlib/stdio/streams.c         0x00000000   Number         0  stdout.o ABSOLUTE
    ../clib/microlib/string/memcpy.c         0x00000000   Number         0  memcpyb.o ABSOLUTE
    ../clib/microlib/string/memcpy.c         0x00000000   Number         0  memcpya.o ABSOLUTE
    ../clib/microlib/string/memset.c         0x00000000   Number         0  memseta.o ABSOLUTE
    ../clib/microlib/string/strcmp.c         0x00000000   Number         0  strcmp.o ABSOLUTE
    ../clib/microlib/string/strtok.c         0x00000000   Number         0  strtok_r.o ABSOLUTE
    ../clib/microlib/string/strtok.c         0x00000000   Number         0  strtok.o ABSOLUTE
    ../clib/microlib/stubs.s                 0x00000000   Number         0  iusefp.o ABSOLUTE
    ../clib/scanf.c                          0x00000000   Number         0  _strtoul.o ABSOLUTE
    ../clib/scanf.c                          0x00000000   Number         0  atoi.o ABSOLUTE
    ../clib/scanf.c                          0x00000000   Number         0  strtol.o ABSOLUTE
    ../clib/scanf.c                          0x00000000   Number         0  _chval.o ABSOLUTE
    ../fplib/microlib/fpadd.c                0x00000000   Number         0  dadd.o ABSOLUTE
    ../fplib/microlib/fpdiv.c                0x00000000   Number         0  ddiv.o ABSOLUTE
    ../fplib/microlib/fpepilogue.c           0x00000000   Number         0  depilogue.o ABSOLUTE
    ../fplib/microlib/fpfix.c                0x00000000   Number         0  dfixul.o ABSOLUTE
    ../fplib/microlib/fpmul.c                0x00000000   Number         0  dmul.o ABSOLUTE
    adc.c                                    0x00000000   Number         0  adc.o ABSOLUTE
    cdrcmple.s                               0x00000000   Number         0  cdrcmple.o ABSOLUTE
    command.c                                0x00000000   Number         0  command.o ABSOLUTE
    dc.s                                     0x00000000   Number         0  dc.o ABSOLUTE
    debug.c                                  0x00000000   Number         0  debug.o ABSOLUTE
    handlers.s                               0x00000000   Number         0  handlers.o ABSOLUTE
    init.s                                   0x00000000   Number         0  init.o ABSOLUTE
    interpreter.c                            0x00000000   Number         0  interpreter.o ABSOLUTE
    main.c                                   0x00000000   Number         0  main.o ABSOLUTE
    os.c                                     0x00000000   Number         0  os.o ABSOLUTE
    pll.c                                    0x00000000   Number         0  pll.o ABSOLUTE
    pwm.c                                    0x00000000   Number         0  pwm.o ABSOLUTE
    st7735.c                                 0x00000000   Number         0  st7735.o ABSOLUTE
    startup.s                                0x00000000   Number         0  startup.o ABSOLUTE
    systick.c                                0x00000000   Number         0  systick.o ABSOLUTE
    timer0.c                                 0x00000000   Number         0  timer0.o ABSOLUTE
    usb_uart.c                               0x00000000   Number         0  usb_uart.o ABSOLUTE
    .ARM.Collect$$$$00000000                 0x00000284   Section        0  entry.o(.ARM.Collect$$$$00000000)
    .ARM.Collect$$$$00000001                 0x00000284   Section        4  entry2.o(.ARM.Collect$$$$00000001)
    .ARM.Collect$$$$00000004                 0x00000288   Section        4  entry5.o(.ARM.Collect$$$$00000004)
    .ARM.Collect$$$$00000008                 0x0000028c   Section        0  entry7b.o(.ARM.Collect$$$$00000008)
    .ARM.Collect$$$$0000000A                 0x0000028c   Section        0  entry8b.o(.ARM.Collect$$$$0000000A)
    .ARM.Collect$$$$0000000B                 0x0000028c   Section        8  entry9a.o(.ARM.Collect$$$$0000000B)
    .ARM.Collect$$$$0000000D                 0x00000294   Section        0  entry10a.o(.ARM.Collect$$$$0000000D)
    .ARM.Collect$$$$0000000F                 0x00000294   Section        0  entry11a.o(.ARM.Collect$$$$0000000F)
    .ARM.Collect$$$$00002712                 0x00000294   Section        4  entry2.o(.ARM.Collect$$$$00002712)
    __lit__00000000                          0x00000294   Data           4  entry2.o(.ARM.Collect$$$$00002712)
    .text                                    0x00000298   Section       28  startup.o(.text)
    .text                                    0x000002b4   Section        0  memcpya.o(.text)
    .text                                    0x000002d8   Section        0  memseta.o(.text)
    .text                                    0x000002fc   Section        0  uldiv.o(.text)
    .text                                    0x00000360   Section       36  init.o(.text)
    .text                                    0x00000384   Section        0  llshl.o(.text)
    .text                                    0x000003a2   Section        0  llushr.o(.text)
    i.ADC0Seq3_Handler                       0x000003c4   Section        0  adc.o(i.ADC0Seq3_Handler)
    i.DEBUG_Init                             0x00000454   Section        0  debug.o(i.DEBUG_Init)
    i.Decode_ESC_SEQ                         0x000004c4   Section        0  usb_uart.o(i.Decode_ESC_SEQ)
    i.Delay1ms                               0x000006e4   Section        0  st7735.o(i.Delay1ms)
    i.Output_Color                           0x00000704   Section        0  st7735.o(i.Output_Color)
    i.Output_Init                            0x00000710   Section        0  st7735.o(i.Output_Init)
    i.PLL_Init                               0x00000720   Section        0  pll.o(i.PLL_Init)
    i.RxFifo_Init                            0x0000079c   Section        0  usb_uart.o(i.RxFifo_Init)
    i.RxFifo_New_Level                       0x000007d4   Section        0  usb_uart.o(i.RxFifo_New_Level)
    i.ST7735_FillRect                        0x00000820   Section        0  st7735.o(i.ST7735_FillRect)
    i.ST7735_FillScreen                      0x000008cc   Section        0  st7735.o(i.ST7735_FillScreen)
    i.ST7735_InitR                           0x000008f0   Section        0  st7735.o(i.ST7735_InitR)
    i.ST7735_SetCursor                       0x0000096c   Section        0  st7735.o(i.ST7735_SetCursor)
    i.ST7735_SetTextColor                    0x0000098c   Section        0  st7735.o(i.ST7735_SetTextColor)
    i.SysTick_Handler                        0x00000998   Section        0  os.o(i.SysTick_Handler)
    i.Timer0A_Handler                        0x000009fc   Section        0  adc.o(i.Timer0A_Handler)
    i.TxFifo_Init                            0x00000a5c   Section        0  usb_uart.o(i.TxFifo_Init)
    i.UART0_Handler                          0x00000a94   Section        0  usb_uart.o(i.UART0_Handler)
    i.USB_UART_Enable_Interrupt              0x00000b20   Section        0  usb_uart.o(i.USB_UART_Enable_Interrupt)
    i.USB_UART_HandleRXBuffer                0x00000b38   Section        0  usb_uart.o(i.USB_UART_HandleRXBuffer)
    i.USB_UART_Init                          0x00000cf8   Section        0  usb_uart.o(i.USB_UART_Init)
    i.USB_UART_PrintChar                     0x00000e20   Section        0  usb_uart.o(i.USB_UART_PrintChar)
    i.WorkFifo_Clear                         0x00000e38   Section        0  usb_uart.o(i.WorkFifo_Clear)
    i.WorkFifo_Init                          0x00000e54   Section        0  usb_uart.o(i.WorkFifo_Init)
    i.WorkFifo_Pointer_RST                   0x00000e8c   Section        0  usb_uart.o(i.WorkFifo_Pointer_RST)
    i.WorkFifo_Pop                           0x00000eb4   Section        0  usb_uart.o(i.WorkFifo_Pop)
    i.WorkFifo_Put                           0x00000ee0   Section        0  usb_uart.o(i.WorkFifo_Put)
    i.WorkFifo_Shift_L                       0x00000f20   Section        0  usb_uart.o(i.WorkFifo_Shift_L)
    i.WorkFifo_Shift_R                       0x00000f48   Section        0  usb_uart.o(i.WorkFifo_Shift_R)
    i.__0printf$4                            0x00000f70   Section        0  printf4.o(i.__0printf$4)
    i.__scatterload_copy                     0x00000f90   Section       14  handlers.o(i.__scatterload_copy)
    i.__scatterload_null                     0x00000f9e   Section        2  handlers.o(i.__scatterload_null)
    i.__scatterload_zeroinit                 0x00000fa0   Section       14  handlers.o(i.__scatterload_zeroinit)
    i._printf_core                           0x00000fb0   Section        0  printf4.o(i._printf_core)
    _printf_core                             0x00000fb1   Thumb Code   548  printf4.o(i._printf_core)
    i.commandList                            0x000011d8   Section        0  st7735.o(i.commandList)
    commandList                              0x000011d9   Thumb Code    86  st7735.o(i.commandList)
    i.commonInit                             0x00001230   Section        0  st7735.o(i.commonInit)
    commonInit                               0x00001231   Thumb Code   340  st7735.o(i.commonInit)
    i.fputc                                  0x000013b4   Section        0  main.o(i.fputc)
    i.main                                   0x000013c4   Section        0  main.o(i.main)
    i.setAddrWindow                          0x00001400   Section        0  st7735.o(i.setAddrWindow)
    setAddrWindow                            0x00001401   Thumb Code   106  st7735.o(i.setAddrWindow)
    i.writecommand                           0x00001474   Section        0  st7735.o(i.writecommand)
    writecommand                             0x00001475   Thumb Code    40  st7735.o(i.writecommand)
    i.writedata                              0x000014a4   Section        0  st7735.o(i.writedata)
    writedata                                0x000014a5   Thumb Code    24  st7735.o(i.writedata)
    .constdata                               0x000014c4   Section     2018  st7735.o(.constdata)
    Font                                     0x000014c4   Data        1275  st7735.o(.constdata)
    Bcmd                                     0x000019bf   Data         103  st7735.o(.constdata)
    Rcmd1                                    0x00001a26   Data          59  st7735.o(.constdata)
    Rcmd2green                               0x00001a61   Data          13  st7735.o(.constdata)
    Rcmd2red                                 0x00001a6e   Data          13  st7735.o(.constdata)
    Rcmd3                                    0x00001a7b   Data          43  st7735.o(.constdata)
    .data                                    0x20000000   Section       44  st7735.o(.data)
    _width                                   0x2000000c   Data           2  st7735.o(.data)
    _height                                  0x2000000e   Data           2  st7735.o(.data)
    ColStart                                 0x20000014   Data           1  st7735.o(.data)
    RowStart                                 0x20000015   Data           1  st7735.o(.data)
    Rotation                                 0x20000016   Data           1  st7735.o(.data)
    TabColor                                 0x20000017   Data           1  st7735.o(.data)
    .data                                    0x2000002c   Section      108  usb_uart.o(.data)
    read_counter                             0x20000045   Data           1  usb_uart.o(.data)
    RxFifo_Level_Min                         0x20000058   Data           4  usb_uart.o(.data)
    RxFifo_Level_Max                         0x2000005c   Data           4  usb_uart.o(.data)
    TxFifo_Level_Min                         0x20000068   Data           4  usb_uart.o(.data)
    TxFifo_Level_Max                         0x2000006c   Data           4  usb_uart.o(.data)
    WorkFifo_Level_Min                       0x20000080   Data           4  usb_uart.o(.data)
    WorkFifo_Level_Max                       0x20000084   Data           4  usb_uart.o(.data)
    .data                                    0x20000098   Section       24  adc.o(.data)
    .data                                    0x200000b0   Section        4  os.o(.data)
    .data                                    0x200000b4   Section        4  stdout.o(.data)
    .bss                                     0x200000b8   Section     2368  usb_uart.o(.bss)
    RxFifo                                   0x20000138   Data        1024  usb_uart.o(.bss)
    TxFifo                                   0x200005b8   Data        1024  usb_uart.o(.bss)
    WorkFifo                                 0x200009b8   Data          64  usb_uart.o(.bss)
    .bss                                     0x200009f8   Section       96  os.o(.bss)
    STACK                                    0x20000a58   Section     1024  startup.o(STACK)
    StackMem                                 0x20000a58   Data           0  startup.o(STACK)

    Global Symbols

    Symbol Name                              Value     Ov Type        Size  Object(Section)

    BuildAttributes$$THM_ISAv4$E$P$D$K$B$S$7EM$PE$A:L22UL41UL21$X:L11$S22US41US21$IEEE1$IW$USESV6$~STKCKD$USESV7$~SHL$OSPACE$ROPI$EBA8$MICROLIB$REQ8$PRES8$EABIv2 0x00000000   Number         0  anon$$obj.o ABSOLUTE
    __ARM_use_no_argv                        0x00000000   Number         0  main.o ABSOLUTE
    __Vectors                                0x00000000   Data           0  startup.o(RESET)
    _printf_a                                0x00000000   Number         0  stubs.o ABSOLUTE
    _printf_c                                0x00000000   Number         0  stubs.o ABSOLUTE
    _printf_charcount                        0x00000000   Number         0  stubs.o ABSOLUTE
    _printf_d                                0x00000000   Number         0  stubs.o ABSOLUTE
    _printf_e                                0x00000000   Number         0  stubs.o ABSOLUTE
    _printf_f                                0x00000000   Number         0  stubs.o ABSOLUTE
    _printf_flags                            0x00000000   Number         0  stubs.o ABSOLUTE
    _printf_fp_dec                           0x00000000   Number         0  stubs.o ABSOLUTE
    _printf_fp_hex                           0x00000000   Number         0  stubs.o ABSOLUTE
    _printf_g                                0x00000000   Number         0  stubs.o ABSOLUTE
    _printf_i                                0x00000000   Number         0  stubs.o ABSOLUTE
    _printf_int_dec                          0x00000000   Number         0  stubs.o ABSOLUTE
    _printf_l                                0x00000000   Number         0  stubs.o ABSOLUTE
    _printf_lc                               0x00000000   Number         0  stubs.o ABSOLUTE
    _printf_ll                               0x00000000   Number         0  stubs.o ABSOLUTE
    _printf_lld                              0x00000000   Number         0  stubs.o ABSOLUTE
    _printf_lli                              0x00000000   Number         0  stubs.o ABSOLUTE
    _printf_llo                              0x00000000   Number         0  stubs.o ABSOLUTE
    _printf_llu                              0x00000000   Number         0  stubs.o ABSOLUTE
    _printf_llx                              0x00000000   Number         0  stubs.o ABSOLUTE
    _printf_longlong_dec                     0x00000000   Number         0  stubs.o ABSOLUTE
    _printf_longlong_hex                     0x00000000   Number         0  stubs.o ABSOLUTE
    _printf_longlong_oct                     0x00000000   Number         0  stubs.o ABSOLUTE
    _printf_ls                               0x00000000   Number         0  stubs.o ABSOLUTE
    _printf_mbtowc                           0x00000000   Number         0  stubs.o ABSOLUTE
    _printf_n                                0x00000000   Number         0  stubs.o ABSOLUTE
    _printf_o                                0x00000000   Number         0  stubs.o ABSOLUTE
    _printf_p                                0x00000000   Number         0  stubs.o ABSOLUTE
    _printf_percent                          0x00000000   Number         0  stubs.o ABSOLUTE
    _printf_pre_padding                      0x00000000   Number         0  stubs.o ABSOLUTE
    _printf_return_value                     0x00000000   Number         0  stubs.o ABSOLUTE
    _printf_s                                0x00000000   Number         0  stubs.o ABSOLUTE
    _printf_sizespec                         0x00000000   Number         0  stubs.o ABSOLUTE
    _printf_str                              0x00000000   Number         0  stubs.o ABSOLUTE
    _printf_truncate_signed                  0x00000000   Number         0  stubs.o ABSOLUTE
    _printf_truncate_unsigned                0x00000000   Number         0  stubs.o ABSOLUTE
    _printf_u                                0x00000000   Number         0  stubs.o ABSOLUTE
    _printf_wc                               0x00000000   Number         0  stubs.o ABSOLUTE
    _printf_wctomb                           0x00000000   Number         0  stubs.o ABSOLUTE
    _printf_widthprec                        0x00000000   Number         0  stubs.o ABSOLUTE
    _printf_x                                0x00000000   Number         0  stubs.o ABSOLUTE
    __cpp_initialize__aeabi_                  - Undefined Weak Reference
    __cxa_finalize                            - Undefined Weak Reference
    __decompress                              - Undefined Weak Reference
    _clock_init                               - Undefined Weak Reference
    _microlib_exit                            - Undefined Weak Reference
    Reset_Handler                            0x0000026d   Thumb Code     0  startup.o(RESET)
    NMI_Handler                              0x00000271   Thumb Code     2  startup.o(RESET)
    HardFault_Handler                        0x00000273   Thumb Code     2  startup.o(RESET)
    MemManage_Handler                        0x00000275   Thumb Code     2  startup.o(RESET)
    BusFault_Handler                         0x00000277   Thumb Code     2  startup.o(RESET)
    UsageFault_Handler                       0x00000279   Thumb Code     2  startup.o(RESET)
    SVC_Handler                              0x0000027b   Thumb Code     2  startup.o(RESET)
    DebugMon_Handler                         0x0000027d   Thumb Code     2  startup.o(RESET)
    PendSV_Handler                           0x0000027f   Thumb Code     2  startup.o(RESET)
    ADC0Seq0_Handler                         0x00000283   Thumb Code     0  startup.o(RESET)
    ADC0Seq1_Handler                         0x00000283   Thumb Code     0  startup.o(RESET)
    ADC0Seq2_Handler                         0x00000283   Thumb Code     0  startup.o(RESET)
    ADC1Seq0_Handler                         0x00000283   Thumb Code     0  startup.o(RESET)
    ADC1Seq1_Handler                         0x00000283   Thumb Code     0  startup.o(RESET)
    ADC1Seq2_Handler                         0x00000283   Thumb Code     0  startup.o(RESET)
    ADC1Seq3_Handler                         0x00000283   Thumb Code     0  startup.o(RESET)
    CAN0_Handler                             0x00000283   Thumb Code     0  startup.o(RESET)
    CAN1_Handler                             0x00000283   Thumb Code     0  startup.o(RESET)
    CAN2_Handler                             0x00000283   Thumb Code     0  startup.o(RESET)
    Comp0_Handler                            0x00000283   Thumb Code     0  startup.o(RESET)
    Comp1_Handler                            0x00000283   Thumb Code     0  startup.o(RESET)
    Comp2_Handler                            0x00000283   Thumb Code     0  startup.o(RESET)
    Ethernet_Handler                         0x00000283   Thumb Code     0  startup.o(RESET)
    ExtBus_Handler                           0x00000283   Thumb Code     0  startup.o(RESET)
    FPU_Handler                              0x00000283   Thumb Code     0  startup.o(RESET)
    Fan0_Handler                             0x00000283   Thumb Code     0  startup.o(RESET)
    FlashCtl_Handler                         0x00000283   Thumb Code     0  startup.o(RESET)
    GPIOPortA_Handler                        0x00000283   Thumb Code     0  startup.o(RESET)
    GPIOPortB_Handler                        0x00000283   Thumb Code     0  startup.o(RESET)
    GPIOPortC_Handler                        0x00000283   Thumb Code     0  startup.o(RESET)
    GPIOPortD_Handler                        0x00000283   Thumb Code     0  startup.o(RESET)
    GPIOPortE_Handler                        0x00000283   Thumb Code     0  startup.o(RESET)
    GPIOPortF_Handler                        0x00000283   Thumb Code     0  startup.o(RESET)
    GPIOPortG_Handler                        0x00000283   Thumb Code     0  startup.o(RESET)
    GPIOPortH_Handler                        0x00000283   Thumb Code     0  startup.o(RESET)
    GPIOPortJ_Handler                        0x00000283   Thumb Code     0  startup.o(RESET)
    GPIOPortK_Handler                        0x00000283   Thumb Code     0  startup.o(RESET)
    GPIOPortL_Handler                        0x00000283   Thumb Code     0  startup.o(RESET)
    GPIOPortM_Handler                        0x00000283   Thumb Code     0  startup.o(RESET)
    GPIOPortN_Handler                        0x00000283   Thumb Code     0  startup.o(RESET)
    GPIOPortP1_Handler                       0x00000283   Thumb Code     0  startup.o(RESET)
    GPIOPortP2_Handler                       0x00000283   Thumb Code     0  startup.o(RESET)
    GPIOPortP3_Handler                       0x00000283   Thumb Code     0  startup.o(RESET)
    GPIOPortP4_Handler                       0x00000283   Thumb Code     0  startup.o(RESET)
    GPIOPortP5_Handler                       0x00000283   Thumb Code     0  startup.o(RESET)
    GPIOPortP6_Handler                       0x00000283   Thumb Code     0  startup.o(RESET)
    GPIOPortP7_Handler                       0x00000283   Thumb Code     0  startup.o(RESET)
    GPIOPortP_Handler                        0x00000283   Thumb Code     0  startup.o(RESET)
    GPIOPortQ1_Handler                       0x00000283   Thumb Code     0  startup.o(RESET)
    GPIOPortQ2_Handler                       0x00000283   Thumb Code     0  startup.o(RESET)
    GPIOPortQ3_Handler                       0x00000283   Thumb Code     0  startup.o(RESET)
    GPIOPortQ4_Handler                       0x00000283   Thumb Code     0  startup.o(RESET)
    GPIOPortQ5_Handler                       0x00000283   Thumb Code     0  startup.o(RESET)
    GPIOPortQ6_Handler                       0x00000283   Thumb Code     0  startup.o(RESET)
    GPIOPortQ7_Handler                       0x00000283   Thumb Code     0  startup.o(RESET)
    GPIOPortQ_Handler                        0x00000283   Thumb Code     0  startup.o(RESET)
    GPIOPortR_Handler                        0x00000283   Thumb Code     0  startup.o(RESET)
    GPIOPortS_Handler                        0x00000283   Thumb Code     0  startup.o(RESET)
    Hibernate_Handler                        0x00000283   Thumb Code     0  startup.o(RESET)
    I2C0_Handler                             0x00000283   Thumb Code     0  startup.o(RESET)
    I2C1_Handler                             0x00000283   Thumb Code     0  startup.o(RESET)
    I2C2_Handler                             0x00000283   Thumb Code     0  startup.o(RESET)
    I2C3_Handler                             0x00000283   Thumb Code     0  startup.o(RESET)
    I2C4_Handler                             0x00000283   Thumb Code     0  startup.o(RESET)
    I2C5_Handler                             0x00000283   Thumb Code     0  startup.o(RESET)
    I2S0_Handler                             0x00000283   Thumb Code     0  startup.o(RESET)
    LPC0_Handler                             0x00000283   Thumb Code     0  startup.o(RESET)
    PECI0_Handler                            0x00000283   Thumb Code     0  startup.o(RESET)
    PWM0Fault_Handler                        0x00000283   Thumb Code     0  startup.o(RESET)
    PWM0Generator0_Handler                   0x00000283   Thumb Code     0  startup.o(RESET)
    PWM0Generator1_Handler                   0x00000283   Thumb Code     0  startup.o(RESET)
    PWM0Generator2_Handler                   0x00000283   Thumb Code     0  startup.o(RESET)
    PWM0Generator3_Handler                   0x00000283   Thumb Code     0  startup.o(RESET)
    PWM1Fault_Handler                        0x00000283   Thumb Code     0  startup.o(RESET)
    PWM1Generator0_Handler                   0x00000283   Thumb Code     0  startup.o(RESET)
    PWM1Generator1_Handler                   0x00000283   Thumb Code     0  startup.o(RESET)
    PWM1Generator2_Handler                   0x00000283   Thumb Code     0  startup.o(RESET)
    PWM1Generator3_Handler                   0x00000283   Thumb Code     0  startup.o(RESET)
    Quadrature0_Handler                      0x00000283   Thumb Code     0  startup.o(RESET)
    Quadrature1_Handler                      0x00000283   Thumb Code     0  startup.o(RESET)
    Quadrature2_Handler                      0x00000283   Thumb Code     0  startup.o(RESET)
    SSI0_Handler                             0x00000283   Thumb Code     0  startup.o(RESET)
    SSI1_Handler                             0x00000283   Thumb Code     0  startup.o(RESET)
    SSI2_Handler                             0x00000283   Thumb Code     0  startup.o(RESET)
    SSI3_Handler                             0x00000283   Thumb Code     0  startup.o(RESET)
    SysCtl_Handler                           0x00000283   Thumb Code     0  startup.o(RESET)
    Timer0B_Handler                          0x00000283   Thumb Code     0  startup.o(RESET)
    Timer1A_Handler                          0x00000283   Thumb Code     0  startup.o(RESET)
    Timer1B_Handler                          0x00000283   Thumb Code     0  startup.o(RESET)
    Timer2A_Handler                          0x00000283   Thumb Code     0  startup.o(RESET)
    Timer2B_Handler                          0x00000283   Thumb Code     0  startup.o(RESET)
    Timer3A_Handler                          0x00000283   Thumb Code     0  startup.o(RESET)
    Timer3B_Handler                          0x00000283   Thumb Code     0  startup.o(RESET)
    Timer4A_Handler                          0x00000283   Thumb Code     0  startup.o(RESET)
    Timer4B_Handler                          0x00000283   Thumb Code     0  startup.o(RESET)
    Timer5A_Handler                          0x00000283   Thumb Code     0  startup.o(RESET)
    Timer5B_Handler                          0x00000283   Thumb Code     0  startup.o(RESET)
    UART1_Handler                            0x00000283   Thumb Code     0  startup.o(RESET)
    UART2_Handler                            0x00000283   Thumb Code     0  startup.o(RESET)
    UART3_Handler                            0x00000283   Thumb Code     0  startup.o(RESET)
    UART4_Handler                            0x00000283   Thumb Code     0  startup.o(RESET)
    UART5_Handler                            0x00000283   Thumb Code     0  startup.o(RESET)
    UART6_Handler                            0x00000283   Thumb Code     0  startup.o(RESET)
    UART7_Handler                            0x00000283   Thumb Code     0  startup.o(RESET)
    USB0_Handler                             0x00000283   Thumb Code     0  startup.o(RESET)
    WDT_Handler                              0x00000283   Thumb Code     0  startup.o(RESET)
    WideTimer0A_Handler                      0x00000283   Thumb Code     0  startup.o(RESET)
    WideTimer0B_Handler                      0x00000283   Thumb Code     0  startup.o(RESET)
    WideTimer1A_Handler                      0x00000283   Thumb Code     0  startup.o(RESET)
    WideTimer1B_Handler                      0x00000283   Thumb Code     0  startup.o(RESET)
    WideTimer2A_Handler                      0x00000283   Thumb Code     0  startup.o(RESET)
    WideTimer2B_Handler                      0x00000283   Thumb Code     0  startup.o(RESET)
    WideTimer3A_Handler                      0x00000283   Thumb Code     0  startup.o(RESET)
    WideTimer3B_Handler                      0x00000283   Thumb Code     0  startup.o(RESET)
    WideTimer4A_Handler                      0x00000283   Thumb Code     0  startup.o(RESET)
    WideTimer4B_Handler                      0x00000283   Thumb Code     0  startup.o(RESET)
    WideTimer5A_Handler                      0x00000283   Thumb Code     0  startup.o(RESET)
    WideTimer5B_Handler                      0x00000283   Thumb Code     0  startup.o(RESET)
    uDMA_Error                               0x00000283   Thumb Code     0  startup.o(RESET)
    uDMA_Handler                             0x00000283   Thumb Code     0  startup.o(RESET)
    __main                                   0x00000285   Thumb Code     0  entry.o(.ARM.Collect$$$$00000000)
    _main_stk                                0x00000285   Thumb Code     0  entry2.o(.ARM.Collect$$$$00000001)
    _main_scatterload                        0x00000289   Thumb Code     0  entry5.o(.ARM.Collect$$$$00000004)
    __main_after_scatterload                 0x0000028d   Thumb Code     0  entry5.o(.ARM.Collect$$$$00000004)
    _main_clock                              0x0000028d   Thumb Code     0  entry7b.o(.ARM.Collect$$$$00000008)
    _main_cpp_init                           0x0000028d   Thumb Code     0  entry8b.o(.ARM.Collect$$$$0000000A)
    _main_init                               0x0000028d   Thumb Code     0  entry9a.o(.ARM.Collect$$$$0000000B)
    __rt_final_cpp                           0x00000295   Thumb Code     0  entry10a.o(.ARM.Collect$$$$0000000D)
    __rt_final_exit                          0x00000295   Thumb Code     0  entry11a.o(.ARM.Collect$$$$0000000F)
    DisableInterrupts                        0x00000299   Thumb Code     0  startup.o(.text)
    EnableInterrupts                         0x0000029d   Thumb Code     0  startup.o(.text)
    StartCritical                            0x000002a1   Thumb Code     0  startup.o(.text)
    EndCritical                              0x000002a9   Thumb Code     0  startup.o(.text)
    WaitForInterrupt                         0x000002af   Thumb Code     0  startup.o(.text)
    __aeabi_memcpy                           0x000002b5   Thumb Code    36  memcpya.o(.text)
    __aeabi_memcpy4                          0x000002b5   Thumb Code     0  memcpya.o(.text)
    __aeabi_memcpy8                          0x000002b5   Thumb Code     0  memcpya.o(.text)
    __aeabi_memset                           0x000002d9   Thumb Code    14  memseta.o(.text)
    __aeabi_memset4                          0x000002d9   Thumb Code     0  memseta.o(.text)
    __aeabi_memset8                          0x000002d9   Thumb Code     0  memseta.o(.text)
    __aeabi_memclr                           0x000002e7   Thumb Code     4  memseta.o(.text)
    __aeabi_memclr4                          0x000002e7   Thumb Code     0  memseta.o(.text)
    __aeabi_memclr8                          0x000002e7   Thumb Code     0  memseta.o(.text)
    _memset$wrapper                          0x000002eb   Thumb Code    18  memseta.o(.text)
    __aeabi_uldivmod                         0x000002fd   Thumb Code    98  uldiv.o(.text)
    __scatterload                            0x00000361   Thumb Code    28  init.o(.text)
    __scatterload_rt2                        0x00000361   Thumb Code     0  init.o(.text)
    __aeabi_llsl                             0x00000385   Thumb Code    30  llshl.o(.text)
    _ll_shift_l                              0x00000385   Thumb Code     0  llshl.o(.text)
    __aeabi_llsr                             0x000003a3   Thumb Code    32  llushr.o(.text)
    _ll_ushift_r                             0x000003a3   Thumb Code     0  llushr.o(.text)
    ADC0Seq3_Handler                         0x000003c5   Thumb Code   108  adc.o(i.ADC0Seq3_Handler)
    DEBUG_Init                               0x00000455   Thumb Code    96  debug.o(i.DEBUG_Init)
    Decode_ESC_SEQ                           0x000004c5   Thumb Code   476  usb_uart.o(i.Decode_ESC_SEQ)
    Delay1ms                                 0x000006e5   Thumb Code    32  st7735.o(i.Delay1ms)
    Output_Color                             0x00000705   Thumb Code    12  st7735.o(i.Output_Color)
    Output_Init                              0x00000711   Thumb Code    16  st7735.o(i.Output_Init)
    PLL_Init                                 0x00000721   Thumb Code   118  pll.o(i.PLL_Init)
    RxFifo_Init                              0x0000079d   Thumb Code    36  usb_uart.o(i.RxFifo_Init)
    RxFifo_New_Level                         0x000007d5   Thumb Code    54  usb_uart.o(i.RxFifo_New_Level)
    ST7735_FillRect                          0x00000821   Thumb Code   164  st7735.o(i.ST7735_FillRect)
    ST7735_FillScreen                        0x000008cd   Thumb Code    28  st7735.o(i.ST7735_FillScreen)
    ST7735_InitR                             0x000008f1   Thumb Code    90  st7735.o(i.ST7735_InitR)
    ST7735_SetCursor                         0x0000096d   Thumb Code    22  st7735.o(i.ST7735_SetCursor)
    ST7735_SetTextColor                      0x0000098d   Thumb Code     6  st7735.o(i.ST7735_SetTextColor)
    SysTick_Handler                          0x00000999   Thumb Code    86  os.o(i.SysTick_Handler)
    Timer0A_Handler                          0x000009fd   Thumb Code    72  adc.o(i.Timer0A_Handler)
    TxFifo_Init                              0x00000a5d   Thumb Code    36  usb_uart.o(i.TxFifo_Init)
    UART0_Handler                            0x00000a95   Thumb Code   116  usb_uart.o(i.UART0_Handler)
    USB_UART_Enable_Interrupt                0x00000b21   Thumb Code    18  usb_uart.o(i.USB_UART_Enable_Interrupt)
    USB_UART_HandleRXBuffer                  0x00000b39   Thumb Code   366  usb_uart.o(i.USB_UART_HandleRXBuffer)
    USB_UART_Init                            0x00000cf9   Thumb Code   232  usb_uart.o(i.USB_UART_Init)
    USB_UART_PrintChar                       0x00000e21   Thumb Code    18  usb_uart.o(i.USB_UART_PrintChar)
    WorkFifo_Clear                           0x00000e39   Thumb Code    24  usb_uart.o(i.WorkFifo_Clear)
    WorkFifo_Init                            0x00000e55   Thumb Code    36  usb_uart.o(i.WorkFifo_Init)
    WorkFifo_Pointer_RST                     0x00000e8d   Thumb Code    26  usb_uart.o(i.WorkFifo_Pointer_RST)
    WorkFifo_Pop                             0x00000eb5   Thumb Code    34  usb_uart.o(i.WorkFifo_Pop)
    WorkFifo_Put                             0x00000ee1   Thumb Code    46  usb_uart.o(i.WorkFifo_Put)
    WorkFifo_Shift_L                         0x00000f21   Thumb Code    30  usb_uart.o(i.WorkFifo_Shift_L)
    WorkFifo_Shift_R                         0x00000f49   Thumb Code    30  usb_uart.o(i.WorkFifo_Shift_R)
    __0printf$4                              0x00000f71   Thumb Code    22  printf4.o(i.__0printf$4)
    __1printf$4                              0x00000f71   Thumb Code     0  printf4.o(i.__0printf$4)
    __2printf                                0x00000f71   Thumb Code     0  printf4.o(i.__0printf$4)
    __scatterload_copy                       0x00000f91   Thumb Code    14  handlers.o(i.__scatterload_copy)
    __scatterload_null                       0x00000f9f   Thumb Code     2  handlers.o(i.__scatterload_null)
    __scatterload_zeroinit                   0x00000fa1   Thumb Code    14  handlers.o(i.__scatterload_zeroinit)
    fputc                                    0x000013b5   Thumb Code    16  main.o(i.fputc)
    main                                     0x000013c5   Thumb Code    56  main.o(i.main)
    dBfs                                     0x00001aa6   Data         512  st7735.o(.constdata)
    Region$$Table$$Base                      0x00001ca8   Number         0  anon$$obj.o(Region$$Table)
    Region$$Table$$Limit                     0x00001cc8   Number         0  anon$$obj.o(Region$$Table)
    StX                                      0x20000000   Data           4  st7735.o(.data)
    StY                                      0x20000004   Data           4  st7735.o(.data)
    StTextColor                              0x20000008   Data           2  st7735.o(.data)
    St_textSize                              0x2000000a   Data           2  st7735.o(.data)
    lastj                                    0x20000010   Data           4  st7735.o(.data)
    Messageindex                             0x20000018   Data           4  st7735.o(.data)
    Ymax                                     0x2000001c   Data           4  st7735.o(.data)
    Ymin                                     0x20000020   Data           4  st7735.o(.data)
    X                                        0x20000024   Data           4  st7735.o(.data)
    Yrange                                   0x20000028   Data           4  st7735.o(.data)
    USB_BufferReady                          0x2000002c   Data           1  usb_uart.o(.data)
    count_t                                  0x20000030   Data           4  usb_uart.o(.data)
    count_b                                  0x20000034   Data           4  usb_uart.o(.data)
    top                                      0x20000038   Data           4  usb_uart.o(.data)
    bottom                                   0x2000003c   Data           4  usb_uart.o(.data)
    trigger_pt                               0x20000040   Data           4  usb_uart.o(.data)
    key                                      0x20000044   Data           1  usb_uart.o(.data)
    Current_Fifo_Level                       0x20000048   Data           4  usb_uart.o(.data)
    Next_Fifo_Level                          0x2000004c   Data           4  usb_uart.o(.data)
    RxPutPt                                  0x20000050   Data           4  usb_uart.o(.data)
    RxGetPt                                  0x20000054   Data           4  usb_uart.o(.data)
    TxPutPt                                  0x20000060   Data           4  usb_uart.o(.data)
    TxGetPt                                  0x20000064   Data           4  usb_uart.o(.data)
    WorkPutPt                                0x20000070   Data           4  usb_uart.o(.data)
    WorkGetPt                                0x20000074   Data           4  usb_uart.o(.data)
    WorkFifo_Ptr                             0x20000078   Data           8  usb_uart.o(.data)
    RAW_INT_STAT                             0x20000088   Data           4  usb_uart.o(.data)
    get_offset                               0x2000008c   Data           4  usb_uart.o(.data)
    put_offset                               0x20000090   Data           4  usb_uart.o(.data)
    cursor_pos                               0x20000094   Data           4  usb_uart.o(.data)
    ADCsamples                               0x20000098   Data           4  adc.o(.data)
    ADCstatus                                0x2000009c   Data           4  adc.o(.data)
    ADCsamplesMax                            0x200000a0   Data           4  adc.o(.data)
    ADCBufferPointer                         0x200000a4   Data           4  adc.o(.data)
    ADCvalue                                 0x200000a8   Data           4  adc.o(.data)
    Timer0_Current                           0x200000ac   Data           4  adc.o(.data)
    OS_Timer                                 0x200000b0   Data           4  os.o(.data)
    __stdout                                 0x200000b4   Data           4  stdout.o(.data)
    RxFifo_Ptr                               0x200000b8   Data         128  usb_uart.o(.bss)
    TxFifo_Ptr                               0x20000538   Data         128  usb_uart.o(.bss)
    OS_PeriodicTasks                         0x200009f8   Data          96  os.o(.bss)
    __initial_sp                             0x20000e58   Data           0  startup.o(STACK)



==============================================================================

Memory Map of the image

  Image Entry point : 0x0000026d

  Load Region LR_1 (Base: 0x00000000, Size: 0x00001d80, Max: 0xffffffff, ABSOLUTE)

    Execution Region ER_RO (Base: 0x00000000, Size: 0x00001cc8, Max: 0xffffffff, ABSOLUTE)

    Base Addr    Size         Type   Attr      Idx    E Section Name        Object

    0x00000000   0x00000284   Code   RO            3  * RESET               startup.o
    0x00000284   0x00000000   Code   RO          962  * .ARM.Collect$$$$00000000  mc_w.l(entry.o)
    0x00000284   0x00000004   Code   RO         1270    .ARM.Collect$$$$00000001  mc_w.l(entry2.o)
    0x00000288   0x00000004   Code   RO         1273    .ARM.Collect$$$$00000004  mc_w.l(entry5.o)
    0x0000028c   0x00000000   Code   RO         1275    .ARM.Collect$$$$00000008  mc_w.l(entry7b.o)
    0x0000028c   0x00000000   Code   RO         1277    .ARM.Collect$$$$0000000A  mc_w.l(entry8b.o)
    0x0000028c   0x00000008   Code   RO         1278    .ARM.Collect$$$$0000000B  mc_w.l(entry9a.o)
    0x00000294   0x00000000   Code   RO         1280    .ARM.Collect$$$$0000000D  mc_w.l(entry10a.o)
    0x00000294   0x00000000   Code   RO         1282    .ARM.Collect$$$$0000000F  mc_w.l(entry11a.o)
    0x00000294   0x00000004   Code   RO         1271    .ARM.Collect$$$$00002712  mc_w.l(entry2.o)
    0x00000298   0x0000001c   Code   RO            4    .text               startup.o
    0x000002b4   0x00000024   Code   RO          965    .text               mc_w.l(memcpya.o)
    0x000002d8   0x00000024   Code   RO          967    .text               mc_w.l(memseta.o)
    0x000002fc   0x00000062   Code   RO         1287    .text               mc_w.l(uldiv.o)
    0x0000035e   0x00000002   PAD
    0x00000360   0x00000024   Code   RO         1311    .text               mc_w.l(init.o)
    0x00000384   0x0000001e   Code   RO         1313    .text               mc_w.l(llshl.o)
    0x000003a2   0x00000020   Code   RO         1315    .text               mc_w.l(llushr.o)
    0x000003c2   0x00000002   PAD
    0x000003c4   0x00000090   Code   RO          856    i.ADC0Seq3_Handler  adc.o
    0x00000454   0x00000070   Code   RO          904    i.DEBUG_Init        debug.o
    0x000004c4   0x00000220   Code   RO          385    i.Decode_ESC_SEQ    usb_uart.o
    0x000006e4   0x00000020   Code   RO          104    i.Delay1ms          st7735.o
    0x00000704   0x0000000c   Code   RO          106    i.Output_Color      st7735.o
    0x00000710   0x00000010   Code   RO          107    i.Output_Init       st7735.o
    0x00000720   0x0000007c   Code   RO           89    i.PLL_Init          pll.o
    0x0000079c   0x00000038   Code   RO          388    i.RxFifo_Init       usb_uart.o
    0x000007d4   0x0000004c   Code   RO          389    i.RxFifo_New_Level  usb_uart.o
    0x00000820   0x000000ac   Code   RO          119    i.ST7735_FillRect   st7735.o
    0x000008cc   0x00000024   Code   RO          120    i.ST7735_FillScreen  st7735.o
    0x000008f0   0x0000007c   Code   RO          122    i.ST7735_InitR      st7735.o
    0x0000096c   0x00000020   Code   RO          136    i.ST7735_SetCursor  st7735.o
    0x0000098c   0x0000000c   Code   RO          138    i.ST7735_SetTextColor  st7735.o
    0x00000998   0x00000064   Code   RO          921    i.SysTick_Handler   os.o
    0x000009fc   0x00000060   Code   RO          861    i.Timer0A_Handler   adc.o
    0x00000a5c   0x00000038   Code   RO          398    i.TxFifo_Init       usb_uart.o
    0x00000a94   0x0000008c   Code   RO          406    i.UART0_Handler     usb_uart.o
    0x00000b20   0x00000018   Code   RO          408    i.USB_UART_Enable_Interrupt  usb_uart.o
    0x00000b38   0x000001c0   Code   RO          409    i.USB_UART_HandleRXBuffer  usb_uart.o
    0x00000cf8   0x00000128   Code   RO          410    i.USB_UART_Init     usb_uart.o
    0x00000e20   0x00000018   Code   RO          411    i.USB_UART_PrintChar  usb_uart.o
    0x00000e38   0x0000001c   Code   RO          412    i.WorkFifo_Clear    usb_uart.o
    0x00000e54   0x00000038   Code   RO          414    i.WorkFifo_Init     usb_uart.o
    0x00000e8c   0x00000028   Code   RO          416    i.WorkFifo_Pointer_RST  usb_uart.o
    0x00000eb4   0x0000002c   Code   RO          417    i.WorkFifo_Pop      usb_uart.o
    0x00000ee0   0x00000040   Code   RO          418    i.WorkFifo_Put      usb_uart.o
    0x00000f20   0x00000028   Code   RO          419    i.WorkFifo_Shift_L  usb_uart.o
    0x00000f48   0x00000028   Code   RO          420    i.WorkFifo_Shift_R  usb_uart.o
    0x00000f70   0x00000020   Code   RO         1090    i.__0printf$4       mc_w.l(printf4.o)
    0x00000f90   0x0000000e   Code   RO         1355    i.__scatterload_copy  mc_w.l(handlers.o)
    0x00000f9e   0x00000002   Code   RO         1356    i.__scatterload_null  mc_w.l(handlers.o)
    0x00000fa0   0x0000000e   Code   RO         1357    i.__scatterload_zeroinit  mc_w.l(handlers.o)
    0x00000fae   0x00000002   PAD
    0x00000fb0   0x00000228   Code   RO         1097    i._printf_core      mc_w.l(printf4.o)
    0x000011d8   0x00000056   Code   RO          141    i.commandList       st7735.o
    0x0000122e   0x00000002   PAD
    0x00001230   0x00000184   Code   RO          142    i.commonInit        st7735.o
    0x000013b4   0x00000010   Code   RO           12    i.fputc             main.o
    0x000013c4   0x0000003c   Code   RO           13    i.main              main.o
    0x00001400   0x00000074   Code   RO          147    i.setAddrWindow     st7735.o
    0x00001474   0x00000030   Code   RO          148    i.writecommand      st7735.o
    0x000014a4   0x00000020   Code   RO          149    i.writedata         st7735.o
    0x000014c4   0x000007e2   Data   RO          151    .constdata          st7735.o
    0x00001ca6   0x00000002   PAD
    0x00001ca8   0x00000020   Data   RO         1353    Region$$Table       anon$$obj.o


    Execution Region ER_RW (Base: 0x20000000, Size: 0x000000b8, Max: 0xffffffff, ABSOLUTE)

    Base Addr    Size         Type   Attr      Idx    E Section Name        Object

    0x20000000   0x0000002c   Data   RW          152    .data               st7735.o
    0x2000002c   0x0000006c   Data   RW          423    .data               usb_uart.o
    0x20000098   0x00000018   Data   RW          862    .data               adc.o
    0x200000b0   0x00000004   Data   RW          923    .data               os.o
    0x200000b4   0x00000004   Data   RW         1284    .data               mc_w.l(stdout.o)


    Execution Region ER_ZI (Base: 0x200000b8, Size: 0x00000da0, Max: 0xffffffff, ABSOLUTE)

    Base Addr    Size         Type   Attr      Idx    E Section Name        Object

    0x200000b8   0x00000940   Zero   RW          422    .bss                usb_uart.o
    0x200009f8   0x00000060   Zero   RW          922    .bss                os.o
    0x20000a58   0x00000400   Zero   RW            1    STACK               startup.o


==============================================================================

Image component sizes


      Code (inc. data)   RO Data    RW Data    ZI Data      Debug   Object Name

       240         60          0         24          0       1519   adc.o
         0          0          0          0          0        332   command.o
       112         16          0          0          0        369   debug.o
        76          4          0          0          0       6791   main.o
       100         14          0          4         96       1014   os.o
       124          6          0          0          0        379   pll.o
      1106        140       2018         44          0       9555   st7735.o
       672        622          0          0       1024        892   startup.o
      1976        398          0        108       2368       9115   usb_uart.o

    ----------------------------------------------------------------------
      4408       1260       2052        180       3488      29966   Object Totals
         0          0         32          0          0          0   (incl. Generated)
         2          0          2          0          0          0   (incl. Padding)

    ----------------------------------------------------------------------

      Code (inc. data)   RO Data    RW Data    ZI Data      Debug   Library Member Name

         0          0          0          0          0          0   entry.o
         0          0          0          0          0          0   entry10a.o
         0          0          0          0          0          0   entry11a.o
         8          4          0          0          0          0   entry2.o
         4          0          0          0          0          0   entry5.o
         0          0          0          0          0          0   entry7b.o
         0          0          0          0          0          0   entry8b.o
         8          4          0          0          0          0   entry9a.o
        30          0          0          0          0          0   handlers.o
        36          8          0          0          0         68   init.o
        30          0          0          0          0         68   llshl.o
        32          0          0          0          0         68   llushr.o
        36          0          0          0          0         68   memcpya.o
        36          0          0          0          0        108   memseta.o
       584         14          0          0          0        184   printf4.o
         0          0          0          4          0          0   stdout.o
        98          0          0          0          0         92   uldiv.o

    ----------------------------------------------------------------------
       908         30          0          4          0        656   Library Totals
         6          0          0          0          0          0   (incl. Padding)

    ----------------------------------------------------------------------

      Code (inc. data)   RO Data    RW Data    ZI Data      Debug   Library Name

       902         30          0          4          0        656   mc_w.l

    ----------------------------------------------------------------------
       908         30          0          4          0        656   Library Totals

    ----------------------------------------------------------------------

==============================================================================


      Code (inc. data)   RO Data    RW Data    ZI Data      Debug   

      5316       1290       2052        184       3488      28594   Grand Totals
      5316       1290       2052        184       3488      28594   ELF Image Totals
      5316       1290       2052        184          0          0   ROM Totals

==============================================================================

    Total RO  Size (Code + RO Data)                 7368 (   7.20kB)
    Total RW  Size (RW Data + ZI Data)              3672 (   3.59kB)
    Total ROM Size (Code + RO Data + RW Data)       7552 (   7.38kB)

==============================================================================

