<html>
<body>
<pre>
<h1>µVision Build Log</h1>
<h2>Project:</h2>
C:\Users\Kelvin\Google Drive\dev\PROJECT_GUARDIAN\tivaOS.uvproj
Project File Date:  08/09/2015

<h2>Output:</h2>
Build target 'tiva OS'
compiling usb_uart.c...
linking...
Program Size: Code=5408 RO-data=2052 RW-data=184 ZI-data=3488  
".\tivaOS.axf" - 0 Error(s), 0 Warning(s).
Load "C:\\Users\\Kelvin\\Google Drive\\dev\\PROJECT_GUARDIAN\\tivaOS.axf" 
Connecting: Mode=JTAG, Speed=1000000Hz
Erase Done.
Programming Done.
Verify OK.
</pre>
</body>
</html>
ing Done.
Verify OK.
